Archive member included to satisfy reference by file (symbol)

c:/program files (x86)/atmel/studio/7.0/toolchain/avr8/avr8-gnu-toolchain/bin/../lib/gcc/avr/5.4.0/../../../../avr/lib/avr6\libm.a(addsf3.o)
                              MQTT/MQTT.o (__subsf3)
c:/program files (x86)/atmel/studio/7.0/toolchain/avr8/avr8-gnu-toolchain/bin/../lib/gcc/avr/5.4.0/../../../../avr/lib/avr6\libm.a(addsf3x.o)
                              c:/program files (x86)/atmel/studio/7.0/toolchain/avr8/avr8-gnu-toolchain/bin/../lib/gcc/avr/5.4.0/../../../../avr/lib/avr6\libm.a(addsf3.o) (__addsf3x)
c:/program files (x86)/atmel/studio/7.0/toolchain/avr8/avr8-gnu-toolchain/bin/../lib/gcc/avr/5.4.0/../../../../avr/lib/avr6\libm.a(divsf3.o)
                              MQTT/MQTT.o (__divsf3)
c:/program files (x86)/atmel/studio/7.0/toolchain/avr8/avr8-gnu-toolchain/bin/../lib/gcc/avr/5.4.0/../../../../avr/lib/avr6\libm.a(divsf3x.o)
                              c:/program files (x86)/atmel/studio/7.0/toolchain/avr8/avr8-gnu-toolchain/bin/../lib/gcc/avr/5.4.0/../../../../avr/lib/avr6\libm.a(divsf3.o) (__divsf3x)
c:/program files (x86)/atmel/studio/7.0/toolchain/avr8/avr8-gnu-toolchain/bin/../lib/gcc/avr/5.4.0/../../../../avr/lib/avr6\libm.a(floatsisf.o)
                              MQTT/MQTT.o (__floatsisf)
c:/program files (x86)/atmel/studio/7.0/toolchain/avr8/avr8-gnu-toolchain/bin/../lib/gcc/avr/5.4.0/../../../../avr/lib/avr6\libm.a(fp_inf.o)
                              c:/program files (x86)/atmel/studio/7.0/toolchain/avr8/avr8-gnu-toolchain/bin/../lib/gcc/avr/5.4.0/../../../../avr/lib/avr6\libm.a(addsf3x.o) (__fp_inf)
c:/program files (x86)/atmel/studio/7.0/toolchain/avr8/avr8-gnu-toolchain/bin/../lib/gcc/avr/5.4.0/../../../../avr/lib/avr6\libm.a(fp_nan.o)
                              c:/program files (x86)/atmel/studio/7.0/toolchain/avr8/avr8-gnu-toolchain/bin/../lib/gcc/avr/5.4.0/../../../../avr/lib/avr6\libm.a(addsf3x.o) (__fp_nan)
c:/program files (x86)/atmel/studio/7.0/toolchain/avr8/avr8-gnu-toolchain/bin/../lib/gcc/avr/5.4.0/../../../../avr/lib/avr6\libm.a(fp_pscA.o)
                              c:/program files (x86)/atmel/studio/7.0/toolchain/avr8/avr8-gnu-toolchain/bin/../lib/gcc/avr/5.4.0/../../../../avr/lib/avr6\libm.a(addsf3x.o) (__fp_pscA)
c:/program files (x86)/atmel/studio/7.0/toolchain/avr8/avr8-gnu-toolchain/bin/../lib/gcc/avr/5.4.0/../../../../avr/lib/avr6\libm.a(fp_pscB.o)
                              c:/program files (x86)/atmel/studio/7.0/toolchain/avr8/avr8-gnu-toolchain/bin/../lib/gcc/avr/5.4.0/../../../../avr/lib/avr6\libm.a(addsf3x.o) (__fp_pscB)
c:/program files (x86)/atmel/studio/7.0/toolchain/avr8/avr8-gnu-toolchain/bin/../lib/gcc/avr/5.4.0/../../../../avr/lib/avr6\libm.a(fp_round.o)
                              c:/program files (x86)/atmel/studio/7.0/toolchain/avr8/avr8-gnu-toolchain/bin/../lib/gcc/avr/5.4.0/../../../../avr/lib/avr6\libm.a(addsf3.o) (__fp_round)
c:/program files (x86)/atmel/studio/7.0/toolchain/avr8/avr8-gnu-toolchain/bin/../lib/gcc/avr/5.4.0/../../../../avr/lib/avr6\libm.a(fp_split3.o)
                              c:/program files (x86)/atmel/studio/7.0/toolchain/avr8/avr8-gnu-toolchain/bin/../lib/gcc/avr/5.4.0/../../../../avr/lib/avr6\libm.a(addsf3x.o) (__fp_split3)
c:/program files (x86)/atmel/studio/7.0/toolchain/avr8/avr8-gnu-toolchain/bin/../lib/gcc/avr/5.4.0/../../../../avr/lib/avr6\libm.a(fp_zero.o)
                              c:/program files (x86)/atmel/studio/7.0/toolchain/avr8/avr8-gnu-toolchain/bin/../lib/gcc/avr/5.4.0/../../../../avr/lib/avr6\libm.a(addsf3x.o) (__fp_zero)
c:/program files (x86)/atmel/studio/7.0/toolchain/avr8/avr8-gnu-toolchain/bin/../lib/gcc/avr/5.4.0/../../../../avr/lib/avr6\libm.a(mulsf3.o)
                              MQTT/MQTT.o (__mulsf3)
c:/program files (x86)/atmel/studio/7.0/toolchain/avr8/avr8-gnu-toolchain/bin/../lib/gcc/avr/5.4.0/../../../../avr/lib/avr6\libm.a(mulsf3x.o)
                              c:/program files (x86)/atmel/studio/7.0/toolchain/avr8/avr8-gnu-toolchain/bin/../lib/gcc/avr/5.4.0/../../../../avr/lib/avr6\libm.a(mulsf3.o) (__mulsf3x)
C:\Users\Omar Valdivia\Documents\Arduino\ProyectoIOT\ProyectoIOT\ArduinoCore\Debug\libArduinoCore.a(HardwareSerial.o)
                              MQTT/MQTT.o (_ZN14HardwareSerial17availableForWriteEv)
C:\Users\Omar Valdivia\Documents\Arduino\ProyectoIOT\ProyectoIOT\ArduinoCore\Debug\libArduinoCore.a(HardwareSerial0.o)
                              MQTT/MQTT.o (Serial)
C:\Users\Omar Valdivia\Documents\Arduino\ProyectoIOT\ProyectoIOT\ArduinoCore\Debug\libArduinoCore.a(HardwareSerial1.o)
                              MQTT/MQTT.o (Serial1)
C:\Users\Omar Valdivia\Documents\Arduino\ProyectoIOT\ProyectoIOT\ArduinoCore\Debug\libArduinoCore.a(IPAddress.o)
                              MQTT/MQTT.o (_ZN9IPAddressC1Ehhhh)
C:\Users\Omar Valdivia\Documents\Arduino\ProyectoIOT\ProyectoIOT\ArduinoCore\Debug\libArduinoCore.a(main.o)
[...]
Memory Configuration

Name             Origin             Length             Attributes
text             0x00000000         0x00100000         xr
data             0x00800200         0x0000fe00         rw !x
eeprom           0x00810000         0x00010000         rw !x
fuse             0x00820000         0x00000003         rw !x
lock             0x00830000         0x00000400         rw !x
signature        0x00840000         0x00000400         rw !x
user_signatures  0x00850000         0x00000400         rw !x
*default*        0x00000000         0xffffffff

Linker script and memory map

Address of section .data set to 0x800200
LOAD C:/Program Files (x86)/Atmel/Studio/7.0/Packs/atmel/ATmega_DFP/1.3.300/gcc/dev/atmega2560/avr6/crtatmega2560.o
LOAD MaxMatrix/MaxMatrix.o
LOAD MQTT/MQTT.o
LOAD ScrollText/ScrollText.o
LOAD Sketch.o
START GROUP
LOAD c:/program files (x86)/atmel/studio/7.0/toolchain/avr8/avr8-gnu-toolchain/bin/../lib/gcc/avr/5.4.0/../../../../avr/lib/avr6\libm.a
LOAD C:\Users\Omar Valdivia\Documents\Arduino\ProyectoIOT\ProyectoIOT\ArduinoCore\Debug\libArduinoCore.a
END GROUP
LOAD c:/program files (x86)/atmel/studio/7.0/toolchain/avr8/avr8-gnu-toolchain/bin/../lib/gcc/avr/5.4.0/avr6\libgcc.a
LOAD c:/program files (x86)/atmel/studio/7.0/toolchain/avr8/avr8-gnu-toolchain/bin/../lib/gcc/avr/5.4.0/../../../../avr/lib/avr6\libm.a
START GROUP
LOAD c:/program files (x86)/atmel/studio/7.0/toolchain/avr8/avr8-gnu-toolchain/bin/../lib/gcc/avr/5.4.0/avr6\libgcc.a
LOAD c:/program files (x86)/atmel/studio/7.0/toolchain/avr8/avr8-gnu-toolchain/bin/../lib/gcc/avr/5.4.0/../../../../avr/lib/avr6\libm.a
LOAD c:/program files (x86)/atmel/studio/7.0/toolchain/avr8/avr8-gnu-toolchain/bin/../lib/gcc/avr/5.4.0/../../../../avr/lib/avr6\libc.a
LOAD C:/Program Files (x86)/Atmel/Studio/7.0/Packs/atmel/ATmega_DFP/1.3.300/gcc/dev/atmega2560/avr6\libatmega2560.a
END GROUP
                0x00000000                __TEXT_REGION_ORIGIN__ = DEFINED (__TEXT_REGION_ORIGIN__)?__TEXT_REGION_ORIGIN__:0x0
                0x00800200                __DATA_REGION_ORIGIN__ = DEFINED (__DATA_REGION_ORIGIN__)?__DATA_REGION_ORIGIN__:0x800200
                0x00100000                __TEXT_REGION_LENGTH__ = DEFINED (__TEXT_REGION_LENGTH__)?__TEXT_REGION_LENGTH__:0x100000
                0x0000fe00                __DATA_REGION_LENGTH__ = DEFINED (__DATA_REGION_LENGTH__)?__DATA_REGION_LENGTH__:0xfe00
                0x00010000                __EEPROM_REGION_LENGTH__ = DEFINED (__EEPROM_REGION_LENGTH__)?__EEPROM_REGION_LENGTH__:0x10000
                [0x00000003]                __FUSE_REGION_LENGTH__ = DEFINED (__FUSE_REGION_LENGTH__)?__FUSE_REGION_LENGTH__:0x400
                0x00000400                __LOCK_REGION_LENGTH__ = DEFINED (__LOCK_REGION_LENGTH__)?__LOCK_REGION_LENGTH__:0x400
                0x00000400                __SIGNATURE_REGION_LENGTH__ = DEFINED (__SIGNATURE_REGION_LENGTH__)?__SIGNATURE_REGION_LENGTH__:0x400
                0x00000400                __USER_SIGNATURE_REGION_LENGTH__ = DEFINED (__USER_SIGNATURE_REGION_LENGTH__)?__USER_SIGNATURE_REGION_LENGTH__:0x400

.hash
 *(.hash)

.dynsym
 *(.dynsym)

.dynstr
 *(.dynstr)

.gnu.version
 *(.gnu.version)

.gnu.version_d
 *(.gnu.version_d)

.gnu.version_r
 *(.gnu.version_r)

.rel.init
 *(.rel.init)

.rela.init
 *(.rela.init)

.rel.text
 *(.rel.text)
 *(.rel.text.*)
 *(.rel.gnu.linkonce.t*)

.rela.text
 *(.rela.text)
 *(.rela.text.*)
 *(.rela.gnu.linkonce.t*)

.rel.fini
 *(.rel.fini)

.rela.fini
 *(.rela.fini)

.rel.rodata
 *(.rel.rodata)
 *(.rel.rodata.*)
 *(.rel.gnu.linkonce.r*)

.rela.rodata
 *(.rela.rodata)
 *(.rela.rodata.*)
 *(.rela.gnu.linkonce.r*)

.rel.data
 *(.rel.data)
 *(.rel.data.*)
 *(.rel.gnu.linkonce.d*)

.rela.data
 *(.rela.data)
 *(.rela.data.*)
 *(.rela.gnu.linkonce.d*)

.rel.ctors
 *(.rel.ctors)

.rela.ctors
 *(.rela.ctors)

.rel.dtors
 *(.rel.dtors)

.rela.dtors
 *(.rela.dtors)

.rel.got
 *(.rel.got)

.rela.got
 *(.rela.got)

.rel.bss
 *(.rel.bss)

.rela.bss
 *(.rela.bss)

.rel.plt
 *(.rel.plt)

.rela.plt
 *(.rela.plt)

.text           0x00000000     0x6f18
 *(.vectors)
 .vectors       0x00000000       0xe4 C:/Program Files (x86)/Atmel/Studio/7.0/Packs/atmel/ATmega_DFP/1.3.300/gcc/dev/atmega2560/avr6/crtatmega2560.o
                0x00000000                __vector_default
                0x00000000                __vectors
 *(.vectors)
 *(.progmem.gcc*)
 .progmem.gcc_sw_table.analogWrite
                0x000000e4       0x24 C:\Users\Omar Valdivia\Documents\Arduino\ProyectoIOT\ProyectoIOT\ArduinoCore\Debug\libArduinoCore.a(wiring_analog.o)
 .progmem.gcc_sw_table.turnOffPWM
                0x00000108       0x24 C:\Users\Omar Valdivia\Documents\Arduino\ProyectoIOT\ProyectoIOT\ArduinoCore\Debug\libArduinoCore.a(wiring_digital.o)
                0x0000012c                . = ALIGN (0x2)
                0x0000012c                __trampolines_start = .
 *(.trampolines)
 .trampolines   0x0000012c        0x0 linker stubs
 *(.trampolines*)
                0x0000012c                __trampolines_end = .
 *libprintf_flt.a:*(.progmem.data)
 *libc.a:*(.progmem.data)
 .progmem.data  0x0000012c       0xfa c:/program files (x86)/atmel/studio/7.0/toolchain/avr8/avr8-gnu-toolchain/bin/../lib/gcc/avr/5.4.0/../../../../avr/lib/avr6\libc.a(ftoa_engine.o)
 *(.progmem*)
 .progmem.data._ZL2CH
                0x00000226      0x299 ScrollText/ScrollText.o
 .progmem.data.digital_pin_to_timer_PGM
                0x000004bf       0x46 C:\Users\Omar Valdivia\Documents\Arduino\ProyectoIOT\ProyectoIOT\ArduinoCore\Debug\libArduinoCore.a(wiring_digital.o)
                0x000004bf                digital_pin_to_timer_PGM
 .progmem.data.digital_pin_to_bit_mask_PGM
                0x00000505       0x46 C:\Users\Omar Valdivia\Documents\Arduino\ProyectoIOT\ProyectoIOT\ArduinoCore\Debug\libArduinoCore.a(wiring_digital.o)
                0x00000505                digital_pin_to_bit_mask_PGM
 .progmem.data.digital_pin_to_port_PGM
                0x0000054b       0x46 C:\Users\Omar Valdivia\Documents\Arduino\ProyectoIOT\ProyectoIOT\ArduinoCore\Debug\libArduinoCore.a(wiring_digital.o)
                0x0000054b                digital_pin_to_port_PGM
 .progmem.data.port_to_output_PGM
                0x00000591       0x1a C:\Users\Omar Valdivia\Documents\Arduino\ProyectoIOT\ProyectoIOT\ArduinoCore\Debug\libArduinoCore.a(wiring_digital.o)
                0x00000591                port_to_output_PGM
 .progmem.data.port_to_mode_PGM
                0x000005ab       0x1a C:\Users\Omar Valdivia\Documents\Arduino\ProyectoIOT\ProyectoIOT\ArduinoCore\Debug\libArduinoCore.a(wiring_digital.o)
                0x000005ab                port_to_mode_PGM
 .progmem.data._ZZN12WiFiEspClass4initEP6StreamE3__c
                0x000005c5       0x18 C:\Users\Omar Valdivia\Documents\Arduino\ProyectoIOT\ProyectoIOT\ArduinoCore\Debug\libArduinoCore.a(WiFiEsp.o)
 .progmem.data._ZZN13WiFiEspClient4stopEvE3__c
                0x000005dd        0xf C:\Users\Omar Valdivia\Documents\Arduino\ProyectoIOT\ProyectoIOT\ArduinoCore\Debug\libArduinoCore.a(WiFiEspClient.o)
 .progmem.data._ZZN13WiFiEspClient5writeEPKhjE3__c
                0x000005ec       0x1a C:\Users\Omar Valdivia\Documents\Arduino\ProyectoIOT\ProyectoIOT\ArduinoCore\Debug\libArduinoCore.a(WiFiEspClient.o)
 .progmem.data._ZZN13WiFiEspClient7connectEPKcjhE3__c_0
                0x00000606       0x14 C:\Users\Omar Valdivia\Documents\Arduino\ProyectoIOT\ProyectoIOT\ArduinoCore\Debug\libArduinoCore.a(WiFiEspClient.o)
 .progmem.data._ZZN13WiFiEspClient7connectEPKcjhE3__c
                0x0000061a        0xe C:\Users\Omar Valdivia\Documents\Arduino\ProyectoIOT\ProyectoIOT\ArduinoCore\Debug\libArduinoCore.a(WiFiEspClient.o)
 .progmem.data._ZZN13WiFiEspClient7connectE9IPAddressjE3__c
                0x00000628        0xc C:\Users\Omar Valdivia\Documents\Arduino\ProyectoIOT\ProyectoIOT\ArduinoCore\Debug\libArduinoCore.a(WiFiEspClient.o)
 .progmem.data._ZZN6EspDrv9readUntilEiPKcbE3__c
                0x00000634       0x10 C:\Users\Omar Valdivia\Documents\Arduino\ProyectoIOT\ProyectoIOT\ArduinoCore\Debug\libArduinoCore.a(EspDrv.o)
 .progmem.data._ZZN6EspDrv10sendCmdGetEPK19__FlashStringHelperPKcS4_PciE3__c_3
                0x00000644        0xd C:\Users\Omar Valdivia\Documents\Arduino\ProyectoIOT\ProyectoIOT\ArduinoCore\Debug\libArduinoCore.a(EspDrv.o)
 .progmem.data._ZZN6EspDrv10sendCmdGetEPK19__FlashStringHelperPKcS4_PciE3__c_1
                0x00000651       0x12 C:\Users\Omar Valdivia\Documents\Arduino\ProyectoIOT\ProyectoIOT\ArduinoCore\Debug\libArduinoCore.a(EspDrv.o)
 .progmem.data._ZZN6EspDrv8sendDataEhPKhjE3__c_2
                0x00000663       0x1b C:\Users\Omar Valdivia\Documents\Arduino\ProyectoIOT\ProyectoIOT\ArduinoCore\Debug\libArduinoCore.a(EspDrv.o)
 .progmem.data._ZZN6EspDrv8sendDataEhPKhjE3__c_1
                0x0000067e       0x1b C:\Users\Omar Valdivia\Documents\Arduino\ProyectoIOT\ProyectoIOT\ArduinoCore\Debug\libArduinoCore.a(EspDrv.o)
 .progmem.data._ZZN6EspDrv8sendDataEhPKhjE3__c_0
                0x00000699       0x11 C:\Users\Omar Valdivia\Documents\Arduino\ProyectoIOT\ProyectoIOT\ArduinoCore\Debug\libArduinoCore.a(EspDrv.o)
 .progmem.data._ZZN6EspDrv7getDataEhPhbPbE3__c_1
                0x000006aa        0x9 C:\Users\Omar Valdivia\Documents\Arduino\ProyectoIOT\ProyectoIOT\ArduinoCore\Debug\libArduinoCore.a(EspDrv.o)
 .progmem.data._ZZN6EspDrv7getDataEhPhbPbE3__c
                0x000006b3       0x15 C:\Users\Omar Valdivia\Documents\Arduino\ProyectoIOT\ProyectoIOT\ArduinoCore\Debug\libArduinoCore.a(EspDrv.o)
 .progmem.data._ZZN6EspDrv10stopClientEhE3__c_0
                0x000006c8        0xf C:\Users\Omar Valdivia\Documents\Arduino\ProyectoIOT\ProyectoIOT\ArduinoCore\Debug\libArduinoCore.a(EspDrv.o)
 .progmem.data._ZZN6EspDrv11startClientEPKcjhhE3__c_3
                0x000006d7       0x21 C:\Users\Omar Valdivia\Documents\Arduino\ProyectoIOT\ProyectoIOT\ArduinoCore\Debug\libArduinoCore.a(EspDrv.o)
 .progmem.data._ZZN6EspDrv11startClientEPKcjhhE3__c_2
                0x000006f8       0x1d C:\Users\Omar Valdivia\Documents\Arduino\ProyectoIOT\ProyectoIOT\ArduinoCore\Debug\libArduinoCore.a(EspDrv.o)
 .progmem.data._ZZN6EspDrv11startClientEPKcjhhE3__c_1
                0x00000715       0x13 C:\Users\Omar Valdivia\Documents\Arduino\ProyectoIOT\ProyectoIOT\ArduinoCore\Debug\libArduinoCore.a(EspDrv.o)
 .progmem.data._ZZN6EspDrv11startClientEPKcjhhE3__c_0
                0x00000728       0x1d C:\Users\Omar Valdivia\Documents\Arduino\ProyectoIOT\ProyectoIOT\ArduinoCore\Debug\libArduinoCore.a(EspDrv.o)
 .progmem.data._ZZN6EspDrv12getFwVersionEvE3__c_0
                0x00000745        0x7 C:\Users\Omar Valdivia\Documents\Arduino\ProyectoIOT\ProyectoIOT\ArduinoCore\Debug\libArduinoCore.a(EspDrv.o)
 .progmem.data._ZZN6EspDrv12getFwVersionEvE3__c_1
                0x0000074c        0xd C:\Users\Omar Valdivia\Documents\Arduino\ProyectoIOT\ProyectoIOT\ArduinoCore\Debug\libArduinoCore.a(EspDrv.o)
 .progmem.data._ZZN6EspDrv12getFwVersionEvE3__c_2
                0x00000759        0x3 C:\Users\Omar Valdivia\Documents\Arduino\ProyectoIOT\ProyectoIOT\ArduinoCore\Debug\libArduinoCore.a(EspDrv.o)
 .progmem.data._ZZN6EspDrv14getClientStateEhE3__c_1
                0x0000075c        0xd C:\Users\Omar Valdivia\Documents\Arduino\ProyectoIOT\ProyectoIOT\ArduinoCore\Debug\libArduinoCore.a(EspDrv.o)
 .progmem.data._ZZN6EspDrv14getClientStateEhE3__c_0
                0x00000769        0xf C:\Users\Omar Valdivia\Documents\Arduino\ProyectoIOT\ProyectoIOT\ArduinoCore\Debug\libArduinoCore.a(EspDrv.o)
 .progmem.data._ZZN6EspDrv19getConnectionStatusEvE3__c_0
                0x00000778        0xd C:\Users\Omar Valdivia\Documents\Arduino\ProyectoIOT\ProyectoIOT\ArduinoCore\Debug\libArduinoCore.a(EspDrv.o)
 .progmem.data._ZZN6EspDrv19getConnectionStatusEvE3__c_1
                0x00000785        0x8 C:\Users\Omar Valdivia\Documents\Arduino\ProyectoIOT\ProyectoIOT\ArduinoCore\Debug\libArduinoCore.a(EspDrv.o)
 .progmem.data._ZZN6EspDrv19getConnectionStatusEvE3__c_2
                0x0000078d        0x3 C:\Users\Omar Valdivia\Documents\Arduino\ProyectoIOT\ProyectoIOT\ArduinoCore\Debug\libArduinoCore.a(EspDrv.o)
 .progmem.data._ZZN6EspDrv11wifiConnectEPKcS1_E3__c_2
                0x00000790       0x15 C:\Users\Omar Valdivia\Documents\Arduino\ProyectoIOT\ProyectoIOT\ArduinoCore\Debug\libArduinoCore.a(EspDrv.o)
 .progmem.data._ZZN6EspDrv11wifiConnectEPKcS1_E3__c_1
                0x000007a5        0xd C:\Users\Omar Valdivia\Documents\Arduino\ProyectoIOT\ProyectoIOT\ArduinoCore\Debug\libArduinoCore.a(EspDrv.o)
 .progmem.data._ZZN6EspDrv11wifiConnectEPKcS1_E3__c_0
                0x000007b2       0x17 C:\Users\Omar Valdivia\Documents\Arduino\ProyectoIOT\ProyectoIOT\ArduinoCore\Debug\libArduinoCore.a(EspDrv.o)
 .progmem.data._ZZN6EspDrv5resetEvE3__c_6
                0x000007c9        0xe C:\Users\Omar Valdivia\Documents\Arduino\ProyectoIOT\ProyectoIOT\ArduinoCore\Debug\libArduinoCore.a(EspDrv.o)
 .progmem.data._ZZN6EspDrv5resetEvE3__c_5
                0x000007d7       0x10 C:\Users\Omar Valdivia\Documents\Arduino\ProyectoIOT\ProyectoIOT\ArduinoCore\Debug\libArduinoCore.a(EspDrv.o)
 .progmem.data._ZZN6EspDrv5resetEvE3__c_4
                0x000007e7        0xe C:\Users\Omar Valdivia\Documents\Arduino\ProyectoIOT\ProyectoIOT\ArduinoCore\Debug\libArduinoCore.a(EspDrv.o)
 .progmem.data._ZZN6EspDrv5resetEvE3__c_3
                0x000007f5        0xc C:\Users\Omar Valdivia\Documents\Arduino\ProyectoIOT\ProyectoIOT\ArduinoCore\Debug\libArduinoCore.a(EspDrv.o)
 .progmem.data._ZZN6EspDrv5resetEvE3__c_2
                0x00000801        0xc C:\Users\Omar Valdivia\Documents\Arduino\ProyectoIOT\ProyectoIOT\ArduinoCore\Debug\libArduinoCore.a(EspDrv.o)
 .progmem.data._ZZN6EspDrv5resetEvE3__c_1
                0x0000080d        0x5 C:\Users\Omar Valdivia\Documents\Arduino\ProyectoIOT\ProyectoIOT\ArduinoCore\Debug\libArduinoCore.a(EspDrv.o)
 .progmem.data._ZZN6EspDrv5resetEvE3__c_0
                0x00000812        0x7 C:\Users\Omar Valdivia\Documents\Arduino\ProyectoIOT\ProyectoIOT\ArduinoCore\Debug\libArduinoCore.a(EspDrv.o)
 .progmem.data._ZZN6EspDrv14wifiDriverInitEP6StreamE3__c_3
                0x00000819       0x1b C:\Users\Omar Valdivia\Documents\Arduino\ProyectoIOT\ProyectoIOT\ArduinoCore\Debug\libArduinoCore.a(EspDrv.o)
 .progmem.data._ZZN6EspDrv14wifiDriverInitEP6StreamE3__c_2
                0x00000834       0x1e C:\Users\Omar Valdivia\Documents\Arduino\ProyectoIOT\ProyectoIOT\ArduinoCore\Debug\libArduinoCore.a(EspDrv.o)
 .progmem.data._ZZN6EspDrv14wifiDriverInitEP6StreamE3__c_1
                0x00000852       0x1d C:\Users\Omar Valdivia\Documents\Arduino\ProyectoIOT\ProyectoIOT\ArduinoCore\Debug\libArduinoCore.a(EspDrv.o)
 .progmem.data._ZZN6EspDrv14wifiDriverInitEP6StreamE3__c_0
                0x0000086f        0x3 C:\Users\Omar Valdivia\Documents\Arduino\ProyectoIOT\ProyectoIOT\ArduinoCore\Debug\libArduinoCore.a(EspDrv.o)
                0x00000872                . = ALIGN (0x2)
 *(.jumptables)
 *(.jumptables*)
 *(.lowtext)
 *(.lowtext*)
                0x00000872                __ctors_start = .
 *(.ctors)
 .ctors         0x00000872        0x2 MQTT/MQTT.o
 .ctors         0x00000874        0x2 ScrollText/ScrollText.o
 .ctors         0x00000876        0x2 Sketch.o
 .ctors         0x00000878        0x2 C:\Users\Omar Valdivia\Documents\Arduino\ProyectoIOT\ProyectoIOT\ArduinoCore\Debug\libArduinoCore.a(HardwareSerial0.o)
 .ctors         0x0000087a        0x2 C:\Users\Omar Valdivia\Documents\Arduino\ProyectoIOT\ProyectoIOT\ArduinoCore\Debug\libArduinoCore.a(HardwareSerial1.o)
 .ctors         0x0000087c        0x2 C:\Users\Omar Valdivia\Documents\Arduino\ProyectoIOT\ProyectoIOT\ArduinoCore\Debug\libArduinoCore.a(PubSubClient.o)
 .ctors         0x0000087e        0x2 C:\Users\Omar Valdivia\Documents\Arduino\ProyectoIOT\ProyectoIOT\ArduinoCore\Debug\libArduinoCore.a(WiFiEsp.o)
 .ctors         0x00000880        0x2 C:\Users\Omar Valdivia\Documents\Arduino\ProyectoIOT\ProyectoIOT\ArduinoCore\Debug\libArduinoCore.a(WiFiEspClient.o)
 .ctors         0x00000882        0x2 C:\Users\Omar Valdivia\Documents\Arduino\ProyectoIOT\ProyectoIOT\ArduinoCore\Debug\libArduinoCore.a(EspDrv.o)
                0x00000884                __ctors_end = .
                0x00000884                __dtors_start = .
 *(.dtors)
 .dtors         0x00000884        0x2 ScrollText/ScrollText.o
 .dtors         0x00000886        0x2 C:\Users\Omar Valdivia\Documents\Arduino\ProyectoIOT\ProyectoIOT\ArduinoCore\Debug\libArduinoCore.a(EspDrv.o)
                0x00000888                __dtors_end = .
 SORT(*)(.ctors)
 SORT(*)(.dtors)
 *(.init0)
 .init0         0x00000888        0x0 C:/Program Files (x86)/Atmel/Studio/7.0/Packs/atmel/ATmega_DFP/1.3.300/gcc/dev/atmega2560/avr6/crtatmega2560.o
                0x00000888                __init
 *(.init0)
 *(.init1)
 *(.init1)
 *(.init2)
 .init2         0x00000888       0x10 C:/Program Files (x86)/Atmel/Studio/7.0/Packs/atmel/ATmega_DFP/1.3.300/gcc/dev/atmega2560/avr6/crtatmega2560.o
 *(.init2)
 *(.init3)
 *(.init3)
 *(.init4)
 .init4         0x00000898       0x1a c:/program files (x86)/atmel/studio/7.0/toolchain/avr8/avr8-gnu-toolchain/bin/../lib/gcc/avr/5.4.0/avr6\libgcc.a(_copy_data.o)
                0x00000898                __do_copy_data
 .init4         0x000008b2       0x10 c:/program files (x86)/atmel/studio/7.0/toolchain/avr8/avr8-gnu-toolchain/bin/../lib/gcc/avr/5.4.0/avr6\libgcc.a(_clear_bss.o)
                0x000008b2                __do_clear_bss
 *(.init4)
 *(.init5)
 *(.init5)
 *(.init6)
 .init6         0x000008c2       0x20 c:/program files (x86)/atmel/studio/7.0/toolchain/avr8/avr8-gnu-toolchain/bin/../lib/gcc/avr/5.4.0/avr6\libgcc.a(_ctors.o)
                0x000008c2                __do_global_ctors
 *(.init6)
 *(.init7)
 *(.init7)
 *(.init8)
 *(.init8)
 *(.init9)
 .init9         0x000008e2        0x8 C:/Program Files (x86)/Atmel/Studio/7.0/Packs/atmel/ATmega_DFP/1.3.300/gcc/dev/atmega2560/avr6/crtatmega2560.o
 *(.init9)
 *(.text)
 .text          0x000008ea        0x2 C:/Program Files (x86)/Atmel/Studio/7.0/Packs/atmel/ATmega_DFP/1.3.300/gcc/dev/atmega2560/avr6/crtatmega2560.o
                0x000008ea                __vector_38
                0x000008ea                __vector_22
                0x000008ea                __vector_28
                0x000008ea                __vector_1
                0x000008ea                __vector_32
                0x000008ea                __vector_34
                0x000008ea                __vector_24
                0x000008ea                __vector_12
                0x000008ea                __vector_55
                0x000008ea                __vector_46
                0x000008ea                __bad_interrupt
                0x000008ea                __vector_6
                0x000008ea                __vector_31
                0x000008ea                __vector_35
                0x000008ea                __vector_39
                0x000008ea                __vector_3
                0x000008ea                __vector_30
                0x000008ea                __vector_45
                0x000008ea                __vector_11
                0x000008ea                __vector_54
                0x000008ea                __vector_13
                0x000008ea                __vector_17
                0x000008ea                __vector_19
                0x000008ea                __vector_56
                0x000008ea                __vector_7
                0x000008ea                __vector_49
                0x000008ea                __vector_41
                0x000008ea                __vector_43
                0x000008ea                __vector_27
                0x000008ea                __vector_5
                0x000008ea                __vector_33
                0x000008ea                __vector_47
                0x000008ea                __vector_52
                0x000008ea                __vector_4
                0x000008ea                __vector_44
                0x000008ea                __vector_51
                0x000008ea                __vector_9
                0x000008ea                __vector_2
                0x000008ea                __vector_21
                0x000008ea                __vector_15
                0x000008ea                __vector_29
                0x000008ea                __vector_40
                0x000008ea                __vector_8
                0x000008ea                __vector_48
                0x000008ea                __vector_14
                0x000008ea                __vector_53
                0x000008ea                __vector_10
                0x000008ea                __vector_50
                0x000008ea                __vector_16
                0x000008ea                __vector_18
                0x000008ea                __vector_20
                0x000008ea                __vector_42
                0x000008ec                . = ALIGN (0x2)
 *(.text.*)
 .text._ZN9MaxMatrixC2Ehhhh
                0x000008ec       0x20 MaxMatrix/MaxMatrix.o
                0x000008ec                _ZN9MaxMatrixC2Ehhhh
                0x000008ec                _ZN9MaxMatrixC1Ehhhh
 .text._ZN9MaxMatrix10setCommandEhh
                0x0000090c       0x62 MaxMatrix/MaxMatrix.o
                0x0000090c                _ZN9MaxMatrix10setCommandEhh
 .text._ZN9MaxMatrix12setIntensityEh
                0x0000096e        0x6 MaxMatrix/MaxMatrix.o
                0x0000096e                _ZN9MaxMatrix12setIntensityEh
 .text._ZN9MaxMatrix9setColumnEhh
                0x00000974       0x9e MaxMatrix/MaxMatrix.o
                0x00000974                _ZN9MaxMatrix9setColumnEhh
 .text._ZN9MaxMatrix12setColumnAllEhh
                0x00000a12       0x84 MaxMatrix/MaxMatrix.o
                0x00000a12                _ZN9MaxMatrix12setColumnAllEhh
 .text._ZN9MaxMatrix5clearEv
                0x00000a96       0x30 MaxMatrix/MaxMatrix.o
                0x00000a96                _ZN9MaxMatrix5clearEv
 .text._ZN9MaxMatrix4initEv
                0x00000ac6       0x54 MaxMatrix/MaxMatrix.o
                0x00000ac6                _ZN9MaxMatrix4initEv
 .text._ZN9MaxMatrix6setDotEhhh
                0x00000b1a       0xd0 MaxMatrix/MaxMatrix.o
                0x00000b1a                _ZN9MaxMatrix6setDotEhhh
 .text._ZN9MaxMatrix11writeSpriteEiiPKh
                0x00000bea       0xea MaxMatrix/MaxMatrix.o
                0x00000bea                _ZN9MaxMatrix11writeSpriteEiiPKh
 .text._ZN9MaxMatrix6reloadEv
                0x00000cd4       0x88 MaxMatrix/MaxMatrix.o
                0x00000cd4                _ZN9MaxMatrix6reloadEv
 .text._ZN9MaxMatrix9shiftLeftEbb
                0x00000d5c       0x42 MaxMatrix/MaxMatrix.o
                0x00000d5c                _ZN9MaxMatrix9shiftLeftEbb
 .text._ZN4MQTT15readTemperatureEv
                0x00000d9e       0x3e MQTT/MQTT.o
                0x00000d9e                _ZN4MQTT15readTemperatureEv
 .text._ZN4MQTT15sendTemperatureEv
                0x00000ddc      0x112 MQTT/MQTT.o
                0x00000ddc                _ZN4MQTT15sendTemperatureEv
 .text._ZN4MQTT16readLuminiscenseEv
                0x00000eee       0x44 MQTT/MQTT.o
                0x00000eee                _ZN4MQTT16readLuminiscenseEv
 .text._ZN4MQTT14sendLampStatusEv
                0x00000f32      0x102 MQTT/MQTT.o
                0x00000f32                _ZN4MQTT14sendLampStatusEv
 .text._ZN4MQTT16sendLuminiscenseEv
                0x00001034      0x100 MQTT/MQTT.o
                0x00001034                _ZN4MQTT16sendLuminiscenseEv
 .text._ZN4MQTT13sendPwmStatusEv
                0x00001134      0x100 MQTT/MQTT.o
                0x00001134                _ZN4MQTT13sendPwmStatusEv
 .text._ZN4MQTT20sendScrollTextStatusEv
                0x00001234      0x150 MQTT/MQTT.o
                0x00001234                _ZN4MQTT20sendScrollTextStatusEv
 .text._ZN4MQTT13reconnectWifiEv
                0x00001384       0x64 MQTT/MQTT.o
                0x00001384                _ZN4MQTT13reconnectWifiEv
 .text._ZN4MQTT8InitWiFiEv
                0x000013e8       0x40 MQTT/MQTT.o
                0x000013e8                _ZN4MQTT8InitWiFiEv
 .text._ZN4MQTT15reconnectClientEv
                0x00001428      0x126 MQTT/MQTT.o
                0x00001428                _ZN4MQTT15reconnectClientEv
 .text._ZN4MQTTC2Ev
                0x0000154e       0xb6 MQTT/MQTT.o
                0x0000154e                _ZN4MQTTC1Ev
                0x0000154e                _ZN4MQTTC2Ev
 .text._ZN4MQTT6updateEv
                0x00001604      0x102 MQTT/MQTT.o
                0x00001604                _ZN4MQTT6updateEv
 .text.startup._GLOBAL__sub_I__ZN4MQTT9pwm_valueE
                0x00001706       0x14 MQTT/MQTT.o
 .text._ZN4MQTT8callbackEPcPhj
                0x0000171a      0x28e MQTT/MQTT.o
                0x0000171a                _ZN4MQTT8callbackEPcPhj
 .text._ZN10ScrollTextC2Ehhhh
                0x000019a8       0x6e ScrollText/ScrollText.o
                0x000019a8                _ZN10ScrollTextC2Ehhhh
                0x000019a8                _ZN10ScrollTextC1Ehhhh
 .text._ZN10ScrollText25printCharWithShiftPerTickEc
                0x00001a16       0xa8 ScrollText/ScrollText.o
                0x00001a16                _ZN10ScrollText25printCharWithShiftPerTickEc
 .text._ZN10ScrollText27printStringWithShiftPerTickEPKc
                0x00001abe       0x66 ScrollText/ScrollText.o
                0x00001abe                _ZN10ScrollText27printStringWithShiftPerTickEPKc
 .text._ZN10ScrollText6updateEv
                0x00001b24       0x64 ScrollText/ScrollText.o
                0x00001b24                _ZN10ScrollText6updateEv
 .text.startup._GLOBAL__sub_I__ZN10ScrollText15SCROLL_TEXT_SUBE
                0x00001b88       0x18 ScrollText/ScrollText.o
 .text.exit._GLOBAL__sub_D__ZN10ScrollText15SCROLL_TEXT_SUBE
                0x00001ba0       0x10 ScrollText/ScrollText.o
 .text.setup    0x00001bb0       0x58 Sketch.o
                0x00001bb0                setup
 .text.loop     0x00001c08       0x20 Sketch.o
                0x00001c08                loop
 .text.startup._GLOBAL__sub_I_mqtt
                0x00001c28       0x14 Sketch.o
 .text.avr-libc.fplib
                0x00001c3c        0xa c:/program files (x86)/atmel/studio/7.0/toolchain/avr8/avr8-gnu-toolchain/bin/../lib/gcc/avr/5.4.0/../../../../avr/lib/avr6\libm.a(addsf3.o)
                0x00001c3c                __subsf3
                0x00001c3e                __addsf3
 .text.avr-libc.fplib
                0x00001c46       0xc0 c:/program files (x86)/atmel/studio/7.0/toolchain/avr8/avr8-gnu-toolchain/bin/../lib/gcc/avr/5.4.0/../../../../avr/lib/avr6\libm.a(addsf3x.o)
                0x00001c60                __addsf3x
 .text.avr-libc.fplib
                0x00001d06        0x4 c:/program files (x86)/atmel/studio/7.0/toolchain/avr8/avr8-gnu-toolchain/bin/../lib/gcc/avr/5.4.0/../../../../avr/lib/avr6\libm.a(divsf3.o)
                0x00001d06                __divsf3
 .text.avr-libc.fplib
                0x00001d0a       0xcc c:/program files (x86)/atmel/studio/7.0/toolchain/avr8/avr8-gnu-toolchain/bin/../lib/gcc/avr/5.4.0/../../../../avr/lib/avr6\libm.a(divsf3x.o)
                0x00001d20                __divsf3x
                0x00001d24                __divsf3_pse
 .text.avr-libc.fplib
                0x00001dd6       0x7a c:/program files (x86)/atmel/studio/7.0/toolchain/avr8/avr8-gnu-toolchain/bin/../lib/gcc/avr/5.4.0/../../../../avr/lib/avr6\libm.a(floatsisf.o)
                0x00001dd6                __floatunsisf
                0x00001dda                __floatsisf
 .text.avr-libc.fplib
                0x00001e50        0xc c:/program files (x86)/atmel/studio/7.0/toolchain/avr8/avr8-gnu-toolchain/bin/../lib/gcc/avr/5.4.0/../../../../avr/lib/avr6\libm.a(fp_inf.o)
                0x00001e50                __fp_inf
 .text.avr-libc.fplib
                0x00001e5c        0x6 c:/program files (x86)/atmel/studio/7.0/toolchain/avr8/avr8-gnu-toolchain/bin/../lib/gcc/avr/5.4.0/../../../../avr/lib/avr6\libm.a(fp_nan.o)
                0x00001e5c                __fp_nan
 .text.avr-libc.fplib
                0x00001e62        0xe c:/program files (x86)/atmel/studio/7.0/toolchain/avr8/avr8-gnu-toolchain/bin/../lib/gcc/avr/5.4.0/../../../../avr/lib/avr6\libm.a(fp_pscA.o)
                0x00001e62                __fp_pscA
 .text.avr-libc.fplib
                0x00001e70        0xe c:/program files (x86)/atmel/studio/7.0/toolchain/avr8/avr8-gnu-toolchain/bin/../lib/gcc/avr/5.4.0/../../../../avr/lib/avr6\libm.a(fp_pscB.o)
                0x00001e70                __fp_pscB
 .text.avr-libc.fplib
                0x00001e7e       0x22 c:/program files (x86)/atmel/studio/7.0/toolchain/avr8/avr8-gnu-toolchain/bin/../lib/gcc/avr/5.4.0/../../../../avr/lib/avr6\libm.a(fp_round.o)
                0x00001e7e                __fp_round
 .text.avr-libc.fplib
                0x00001ea0       0x44 c:/program files (x86)/atmel/studio/7.0/toolchain/avr8/avr8-gnu-toolchain/bin/../lib/gcc/avr/5.4.0/../../../../avr/lib/avr6\libm.a(fp_split3.o)
                0x00001ea0                __fp_split3
                0x00001eb0                __fp_splitA
 .text.avr-libc.fplib
                0x00001ee4        0xe c:/program files (x86)/atmel/studio/7.0/toolchain/avr8/avr8-gnu-toolchain/bin/../lib/gcc/avr/5.4.0/../../../../avr/lib/avr6\libm.a(fp_zero.o)
                0x00001ee4                __fp_zero
                0x00001ee6                __fp_szero
 .text.avr-libc.fplib
                0x00001ef2        0x4 c:/program files (x86)/atmel/studio/7.0/toolchain/avr8/avr8-gnu-toolchain/bin/../lib/gcc/avr/5.4.0/../../../../avr/lib/avr6\libm.a(mulsf3.o)
                0x00001ef2                __mulsf3
 .text.avr-libc.fplib
                0x00001ef6       0xc2 c:/program files (x86)/atmel/studio/7.0/toolchain/avr8/avr8-gnu-toolchain/bin/../lib/gcc/avr/5.4.0/../../../../avr/lib/avr6\libm.a(mulsf3x.o)
                0x00001f0a                __mulsf3x
                0x00001f0e                __mulsf3_pse
 .text._ZN14HardwareSerial9availableEv
                0x00001fb8       0x18 C:\Users\Omar Valdivia\Documents\Arduino\ProyectoIOT\ProyectoIOT\ArduinoCore\Debug\libArduinoCore.a(HardwareSerial.o)
                0x00001fb8                _ZN14HardwareSerial9availableEv
 .text._ZN14HardwareSerial4peekEv
                0x00001fd0       0x1c C:\Users\Omar Valdivia\Documents\Arduino\ProyectoIOT\ProyectoIOT\ArduinoCore\Debug\libArduinoCore.a(HardwareSerial.o)
                0x00001fd0                _ZN14HardwareSerial4peekEv
 .text._ZN14HardwareSerial4readEv
                0x00001fec       0x28 C:\Users\Omar Valdivia\Documents\Arduino\ProyectoIOT\ProyectoIOT\ArduinoCore\Debug\libArduinoCore.a(HardwareSerial.o)
                0x00001fec                _ZN14HardwareSerial4readEv
 .text._ZN14HardwareSerial17availableForWriteEv
                0x00002014       0x1e C:\Users\Omar Valdivia\Documents\Arduino\ProyectoIOT\ProyectoIOT\ArduinoCore\Debug\libArduinoCore.a(HardwareSerial.o)
                0x00002014                _ZN14HardwareSerial17availableForWriteEv
 .text._Z14serialEventRunv
                0x00002032       0x76 C:\Users\Omar Valdivia\Documents\Arduino\ProyectoIOT\ProyectoIOT\ArduinoCore\Debug\libArduinoCore.a(HardwareSerial.o)
                0x00002032                _Z14serialEventRunv
 .text._ZN14HardwareSerial17_tx_udr_empty_irqEv
                0x000020a8       0x44 C:\Users\Omar Valdivia\Documents\Arduino\ProyectoIOT\ProyectoIOT\ArduinoCore\Debug\libArduinoCore.a(HardwareSerial.o)
                0x000020a8                _ZN14HardwareSerial17_tx_udr_empty_irqEv
 .text._ZN14HardwareSerial5writeEh
                0x000020ec       0x98 C:\Users\Omar Valdivia\Documents\Arduino\ProyectoIOT\ProyectoIOT\ArduinoCore\Debug\libArduinoCore.a(HardwareSerial.o)
                0x000020ec                _ZN14HardwareSerial5writeEh
 .text._ZN14HardwareSerial5flushEv
                0x00002184       0x42 C:\Users\Omar Valdivia\Documents\Arduino\ProyectoIOT\ProyectoIOT\ArduinoCore\Debug\libArduinoCore.a(HardwareSerial.o)
                0x00002184                _ZN14HardwareSerial5flushEv
 .text._ZN14HardwareSerial5beginEmh
                0x000021c6       0xc0 C:\Users\Omar Valdivia\Documents\Arduino\ProyectoIOT\ProyectoIOT\ArduinoCore\Debug\libArduinoCore.a(HardwareSerial.o)
                0x000021c6                _ZN14HardwareSerial5beginEmh
 .text._ZN5Print17availableForWriteEv
                0x00002286        0x6 C:\Users\Omar Valdivia\Documents\Arduino\ProyectoIOT\ProyectoIOT\ArduinoCore\Debug\libArduinoCore.a(HardwareSerial0.o)
                0x00002286                _ZN5Print17availableForWriteEv
 .text._ZN5Print5flushEv
                0x0000228c        0x2 C:\Users\Omar Valdivia\Documents\Arduino\ProyectoIOT\ProyectoIOT\ArduinoCore\Debug\libArduinoCore.a(HardwareSerial0.o)
                0x0000228c                _ZN5Print5flushEv
 .text.__vector_25
                0x0000228e       0x6c C:\Users\Omar Valdivia\Documents\Arduino\ProyectoIOT\ProyectoIOT\ArduinoCore\Debug\libArduinoCore.a(HardwareSerial0.o)
                0x0000228e                __vector_25
 .text.__vector_26
                0x000022fa       0x52 C:\Users\Omar Valdivia\Documents\Arduino\ProyectoIOT\ProyectoIOT\ArduinoCore\Debug\libArduinoCore.a(HardwareSerial0.o)
                0x000022fa                __vector_26
 .text._Z17Serial0_availablev
                0x0000234c       0x12 C:\Users\Omar Valdivia\Documents\Arduino\ProyectoIOT\ProyectoIOT\ArduinoCore\Debug\libArduinoCore.a(HardwareSerial0.o)
                0x0000234c                _Z17Serial0_availablev
 .text.startup._GLOBAL__sub_I___vector_25
                0x0000235e       0x5a C:\Users\Omar Valdivia\Documents\Arduino\ProyectoIOT\ProyectoIOT\ArduinoCore\Debug\libArduinoCore.a(HardwareSerial0.o)
 .text.__vector_36
                0x000023b8       0x6c C:\Users\Omar Valdivia\Documents\Arduino\ProyectoIOT\ProyectoIOT\ArduinoCore\Debug\libArduinoCore.a(HardwareSerial1.o)
                0x000023b8                __vector_36
 .text.__vector_37
                0x00002424       0x52 C:\Users\Omar Valdivia\Documents\Arduino\ProyectoIOT\ProyectoIOT\ArduinoCore\Debug\libArduinoCore.a(HardwareSerial1.o)
                0x00002424                __vector_37
 .text._Z17Serial1_availablev
                0x00002476       0x12 C:\Users\Omar Valdivia\Documents\Arduino\ProyectoIOT\ProyectoIOT\ArduinoCore\Debug\libArduinoCore.a(HardwareSerial1.o)
                0x00002476                _Z17Serial1_availablev
 .text.startup._GLOBAL__sub_I___vector_36
                0x00002488       0x5a C:\Users\Omar Valdivia\Documents\Arduino\ProyectoIOT\ProyectoIOT\ArduinoCore\Debug\libArduinoCore.a(HardwareSerial1.o)
 .text._ZNK9IPAddress7printToER5Print
                0x000024e2       0x7e C:\Users\Omar Valdivia\Documents\Arduino\ProyectoIOT\ProyectoIOT\ArduinoCore\Debug\libArduinoCore.a(IPAddress.o)
                0x000024e2                _ZNK9IPAddress7printToER5Print
 .text._ZN9IPAddressC2Ev
                0x00002560       0x14 C:\Users\Omar Valdivia\Documents\Arduino\ProyectoIOT\ProyectoIOT\ArduinoCore\Debug\libArduinoCore.a(IPAddress.o)
                0x00002560                _ZN9IPAddressC1Ev
                0x00002560                _ZN9IPAddressC2Ev
 .text._ZN9IPAddressC2Ehhhh
                0x00002574       0x18 C:\Users\Omar Valdivia\Documents\Arduino\ProyectoIOT\ProyectoIOT\ArduinoCore\Debug\libArduinoCore.a(IPAddress.o)
                0x00002574                _ZN9IPAddressC2Ehhhh
                0x00002574                _ZN9IPAddressC1Ehhhh
 .text.initVariant
                0x0000258c        0x2 C:\Users\Omar Valdivia\Documents\Arduino\ProyectoIOT\ProyectoIOT\ArduinoCore\Debug\libArduinoCore.a(main.o)
                0x0000258c                initVariant
 .text.startup.main
                0x0000258e       0x14 C:\Users\Omar Valdivia\Documents\Arduino\ProyectoIOT\ProyectoIOT\ArduinoCore\Debug\libArduinoCore.a(main.o)
                0x0000258e                main
 .text._Znwj    0x000025a2        0x4 C:\Users\Omar Valdivia\Documents\Arduino\ProyectoIOT\ProyectoIOT\ArduinoCore\Debug\libArduinoCore.a(new.o)
                0x000025a2                _Znwj
 .text._Znaj    0x000025a6        0x4 C:\Users\Omar Valdivia\Documents\Arduino\ProyectoIOT\ProyectoIOT\ArduinoCore\Debug\libArduinoCore.a(new.o)
                0x000025a6                _Znaj
 .text._ZN5Print5writeEPKhj
                0x000025aa       0x54 C:\Users\Omar Valdivia\Documents\Arduino\ProyectoIOT\ProyectoIOT\ArduinoCore\Debug\libArduinoCore.a(Print.o)
                0x000025aa                _ZN5Print5writeEPKhj
 .text._ZN5Print5writeEPKc
                0x000025fe       0x2a C:\Users\Omar Valdivia\Documents\Arduino\ProyectoIOT\ProyectoIOT\ArduinoCore\Debug\libArduinoCore.a(Print.o)
                0x000025fe                _ZN5Print5writeEPKc
 .text._ZN5Print5printEPK19__FlashStringHelper
                0x00002628       0x48 C:\Users\Omar Valdivia\Documents\Arduino\ProyectoIOT\ProyectoIOT\ArduinoCore\Debug\libArduinoCore.a(Print.o)
                0x00002628                _ZN5Print5printEPK19__FlashStringHelper
 .text._ZN5Print5printERK6String
                0x00002670       0x1c C:\Users\Omar Valdivia\Documents\Arduino\ProyectoIOT\ProyectoIOT\ArduinoCore\Debug\libArduinoCore.a(Print.o)
                0x00002670                _ZN5Print5printERK6String
 .text._ZN5Print5printEPKc
                0x0000268c        0x2 C:\Users\Omar Valdivia\Documents\Arduino\ProyectoIOT\ProyectoIOT\ArduinoCore\Debug\libArduinoCore.a(Print.o)
                0x0000268c                _ZN5Print5printEPKc
 .text._ZN5Print5printEc
                0x0000268e        0xe C:\Users\Omar Valdivia\Documents\Arduino\ProyectoIOT\ProyectoIOT\ArduinoCore\Debug\libArduinoCore.a(Print.o)
                0x0000268e                _ZN5Print5printEc
 .text._ZN5Print7printlnEv
                0x0000269c        0x6 C:\Users\Omar Valdivia\Documents\Arduino\ProyectoIOT\ProyectoIOT\ArduinoCore\Debug\libArduinoCore.a(Print.o)
                0x0000269c                _ZN5Print7printlnEv
 .text._ZN5Print7printlnEPK19__FlashStringHelper
                0x000026a2       0x20 C:\Users\Omar Valdivia\Documents\Arduino\ProyectoIOT\ProyectoIOT\ArduinoCore\Debug\libArduinoCore.a(Print.o)
                0x000026a2                _ZN5Print7printlnEPK19__FlashStringHelper
 .text._ZN5Print7printlnERK6String
                0x000026c2       0x20 C:\Users\Omar Valdivia\Documents\Arduino\ProyectoIOT\ProyectoIOT\ArduinoCore\Debug\libArduinoCore.a(Print.o)
                0x000026c2                _ZN5Print7printlnERK6String
 .text._ZN5Print7printlnEPKc
                0x000026e2       0x20 C:\Users\Omar Valdivia\Documents\Arduino\ProyectoIOT\ProyectoIOT\ArduinoCore\Debug\libArduinoCore.a(Print.o)
                0x000026e2                _ZN5Print7printlnEPKc
 .text._ZN5Print11printNumberEmh
                0x00002702       0x90 C:\Users\Omar Valdivia\Documents\Arduino\ProyectoIOT\ProyectoIOT\ArduinoCore\Debug\libArduinoCore.a(Print.o)
                0x00002702                _ZN5Print11printNumberEmh
 .text._ZN5Print5printEmi
                0x00002792       0x18 C:\Users\Omar Valdivia\Documents\Arduino\ProyectoIOT\ProyectoIOT\ArduinoCore\Debug\libArduinoCore.a(Print.o)
                0x00002792                _ZN5Print5printEmi
 .text._ZN5Print5printEhi
                0x000027aa        0xc C:\Users\Omar Valdivia\Documents\Arduino\ProyectoIOT\ProyectoIOT\ArduinoCore\Debug\libArduinoCore.a(Print.o)
                0x000027aa                _ZN5Print5printEhi
 .text._ZN5Print7printlnEhi
                0x000027b6       0x20 C:\Users\Omar Valdivia\Documents\Arduino\ProyectoIOT\ProyectoIOT\ArduinoCore\Debug\libArduinoCore.a(Print.o)
                0x000027b6                _ZN5Print7printlnEhi
 .text._ZN5Print5printEji
                0x000027d6        0xa C:\Users\Omar Valdivia\Documents\Arduino\ProyectoIOT\ProyectoIOT\ArduinoCore\Debug\libArduinoCore.a(Print.o)
                0x000027d6                _ZN5Print5printEji
 .text._ZN5Print5printEli
                0x000027e0       0x8a C:\Users\Omar Valdivia\Documents\Arduino\ProyectoIOT\ProyectoIOT\ArduinoCore\Debug\libArduinoCore.a(Print.o)
                0x000027e0                _ZN5Print5printEli
 .text._ZN5Print5printEii
                0x0000286a        0xc C:\Users\Omar Valdivia\Documents\Arduino\ProyectoIOT\ProyectoIOT\ArduinoCore\Debug\libArduinoCore.a(Print.o)
                0x0000286a                _ZN5Print5printEii
 .text._ZN5Print7printlnEii
                0x00002876       0x20 C:\Users\Omar Valdivia\Documents\Arduino\ProyectoIOT\ProyectoIOT\ArduinoCore\Debug\libArduinoCore.a(Print.o)
                0x00002876                _ZN5Print7printlnEii
 .text._ZN5Print7printlnEli
                0x00002896       0x20 C:\Users\Omar Valdivia\Documents\Arduino\ProyectoIOT\ProyectoIOT\ArduinoCore\Debug\libArduinoCore.a(Print.o)
                0x00002896                _ZN5Print7printlnEli
 .text._ZN5Print10printFloatEdh
                0x000028b6      0x19e C:\Users\Omar Valdivia\Documents\Arduino\ProyectoIOT\ProyectoIOT\ArduinoCore\Debug\libArduinoCore.a(Print.o)
                0x000028b6                _ZN5Print10printFloatEdh
 .text._ZN5Print7printlnEdi
                0x00002a54       0x20 C:\Users\Omar Valdivia\Documents\Arduino\ProyectoIOT\ProyectoIOT\ArduinoCore\Debug\libArduinoCore.a(Print.o)
                0x00002a54                _ZN5Print7printlnEdi
 .text.__vector_23
                0x00002a74       0x94 C:\Users\Omar Valdivia\Documents\Arduino\ProyectoIOT\ProyectoIOT\ArduinoCore\Debug\libArduinoCore.a(wiring.o)
                0x00002a74                __vector_23
 .text.millis   0x00002b08       0x18 C:\Users\Omar Valdivia\Documents\Arduino\ProyectoIOT\ProyectoIOT\ArduinoCore\Debug\libArduinoCore.a(wiring.o)
                0x00002b08                millis
 .text.micros   0x00002b20       0x4a C:\Users\Omar Valdivia\Documents\Arduino\ProyectoIOT\ProyectoIOT\ArduinoCore\Debug\libArduinoCore.a(wiring.o)
                0x00002b20                micros
 .text.delay    0x00002b6a       0x74 C:\Users\Omar Valdivia\Documents\Arduino\ProyectoIOT\ProyectoIOT\ArduinoCore\Debug\libArduinoCore.a(wiring.o)
                0x00002b6a                delay
 .text.init     0x00002bde       0xbe C:\Users\Omar Valdivia\Documents\Arduino\ProyectoIOT\ProyectoIOT\ArduinoCore\Debug\libArduinoCore.a(wiring.o)
                0x00002bde                init
 .text.analogRead
                0x00002c9c       0x4a C:\Users\Omar Valdivia\Documents\Arduino\ProyectoIOT\ProyectoIOT\ArduinoCore\Debug\libArduinoCore.a(wiring_analog.o)
                0x00002c9c                analogRead
 .text.analogWrite
                0x00002ce6      0x18e C:\Users\Omar Valdivia\Documents\Arduino\ProyectoIOT\ProyectoIOT\ArduinoCore\Debug\libArduinoCore.a(wiring_analog.o)
                0x00002ce6                analogWrite
 .text.turnOffPWM
                0x00002e74       0xac C:\Users\Omar Valdivia\Documents\Arduino\ProyectoIOT\ProyectoIOT\ArduinoCore\Debug\libArduinoCore.a(wiring_digital.o)
 .text.pinMode  0x00002f20       0x78 C:\Users\Omar Valdivia\Documents\Arduino\ProyectoIOT\ProyectoIOT\ArduinoCore\Debug\libArduinoCore.a(wiring_digital.o)
                0x00002f20                pinMode
 .text.digitalWrite
                0x00002f98       0x5c C:\Users\Omar Valdivia\Documents\Arduino\ProyectoIOT\ProyectoIOT\ArduinoCore\Debug\libArduinoCore.a(wiring_digital.o)
                0x00002f98                digitalWrite
 .text.shiftOut
                0x00002ff4       0x4c C:\Users\Omar Valdivia\Documents\Arduino\ProyectoIOT\ProyectoIOT\ArduinoCore\Debug\libArduinoCore.a(wiring_shift.o)
                0x00002ff4                shiftOut
 .text._ZN6StringD2Ev
                0x00003040       0x10 C:\Users\Omar Valdivia\Documents\Arduino\ProyectoIOT\ProyectoIOT\ArduinoCore\Debug\libArduinoCore.a(WString.o)
                0x00003040                _ZN6StringD2Ev
                0x00003040                _ZN6StringD1Ev
 .text._ZN6String10invalidateEv
                0x00003050       0x24 C:\Users\Omar Valdivia\Documents\Arduino\ProyectoIOT\ProyectoIOT\ArduinoCore\Debug\libArduinoCore.a(WString.o)
                0x00003050                _ZN6String10invalidateEv
 .text._ZN6String12changeBufferEj
                0x00003074       0x34 C:\Users\Omar Valdivia\Documents\Arduino\ProyectoIOT\ProyectoIOT\ArduinoCore\Debug\libArduinoCore.a(WString.o)
                0x00003074                _ZN6String12changeBufferEj
 .text._ZN6String7reserveEj
                0x000030a8       0x36 C:\Users\Omar Valdivia\Documents\Arduino\ProyectoIOT\ProyectoIOT\ArduinoCore\Debug\libArduinoCore.a(WString.o)
                0x000030a8                _ZN6String7reserveEj
 .text._ZN6String4copyEPKcj
                0x000030de       0x3e C:\Users\Omar Valdivia\Documents\Arduino\ProyectoIOT\ProyectoIOT\ArduinoCore\Debug\libArduinoCore.a(WString.o)
                0x000030de                _ZN6String4copyEPKcj
 .text._ZN6StringC2EPKc
                0x0000311c       0x28 C:\Users\Omar Valdivia\Documents\Arduino\ProyectoIOT\ProyectoIOT\ArduinoCore\Debug\libArduinoCore.a(WString.o)
                0x0000311c                _ZN6StringC2EPKc
                0x0000311c                _ZN6StringC1EPKc
 .text._ZN6StringaSERKS_
                0x00003144       0x2a C:\Users\Omar Valdivia\Documents\Arduino\ProyectoIOT\ProyectoIOT\ArduinoCore\Debug\libArduinoCore.a(WString.o)
                0x00003144                _ZN6StringaSERKS_
 .text._ZN6StringC2ERKS_
                0x0000316e       0x10 C:\Users\Omar Valdivia\Documents\Arduino\ProyectoIOT\ProyectoIOT\ArduinoCore\Debug\libArduinoCore.a(WString.o)
                0x0000316e                _ZN6StringC2ERKS_
                0x0000316e                _ZN6StringC1ERKS_
 .text._ZN6StringaSEPKc
                0x0000317e       0x2a C:\Users\Omar Valdivia\Documents\Arduino\ProyectoIOT\ProyectoIOT\ArduinoCore\Debug\libArduinoCore.a(WString.o)
                0x0000317e                _ZN6StringaSEPKc
 .text._ZN6StringC2Eih
                0x000031a8       0x56 C:\Users\Omar Valdivia\Documents\Arduino\ProyectoIOT\ProyectoIOT\ArduinoCore\Debug\libArduinoCore.a(WString.o)
                0x000031a8                _ZN6StringC2Eih
                0x000031a8                _ZN6StringC1Eih
 .text._ZN6StringC2Efh
                0x000031fe       0x5e C:\Users\Omar Valdivia\Documents\Arduino\ProyectoIOT\ProyectoIOT\ArduinoCore\Debug\libArduinoCore.a(WString.o)
                0x000031fe                _ZN6StringC2Efh
                0x000031fe                _ZN6StringC1Efh
 .text._ZN6String6concatEPKcj
                0x0000325c       0x5a C:\Users\Omar Valdivia\Documents\Arduino\ProyectoIOT\ProyectoIOT\ArduinoCore\Debug\libArduinoCore.a(WString.o)
                0x0000325c                _ZN6String6concatEPKcj
 .text._ZN6String6concatEc
                0x000032b6       0x26 C:\Users\Omar Valdivia\Documents\Arduino\ProyectoIOT\ProyectoIOT\ArduinoCore\Debug\libArduinoCore.a(WString.o)
                0x000032b6                _ZN6String6concatEc
 .text._ZplRK15StringSumHelperRK6String
                0x000032dc       0x22 C:\Users\Omar Valdivia\Documents\Arduino\ProyectoIOT\ProyectoIOT\ArduinoCore\Debug\libArduinoCore.a(WString.o)
                0x000032dc                _ZplRK15StringSumHelperRK6String
 .text._ZplRK15StringSumHelperPKc
                0x000032fe       0x2e C:\Users\Omar Valdivia\Documents\Arduino\ProyectoIOT\ProyectoIOT\ArduinoCore\Debug\libArduinoCore.a(WString.o)
                0x000032fe                _ZplRK15StringSumHelperPKc
 .text._ZNK6String6equalsEPKc
                0x0000332c       0x3e C:\Users\Omar Valdivia\Documents\Arduino\ProyectoIOT\ProyectoIOT\ArduinoCore\Debug\libArduinoCore.a(WString.o)
                0x0000332c                _ZNK6String6equalsEPKc
 .text._ZNK6String8getBytesEPhjj
                0x0000336a       0x5e C:\Users\Omar Valdivia\Documents\Arduino\ProyectoIOT\ProyectoIOT\ArduinoCore\Debug\libArduinoCore.a(WString.o)
                0x0000336a                _ZNK6String8getBytesEPhjj
 .text._ZNK6String7indexOfERKS_j
                0x000033c8       0x3a C:\Users\Omar Valdivia\Documents\Arduino\ProyectoIOT\ProyectoIOT\ArduinoCore\Debug\libArduinoCore.a(WString.o)
                0x000033c8                _ZNK6String7indexOfERKS_j
 .text._ZNK6String7indexOfERKS_
                0x00003402        0x6 C:\Users\Omar Valdivia\Documents\Arduino\ProyectoIOT\ProyectoIOT\ArduinoCore\Debug\libArduinoCore.a(WString.o)
                0x00003402                _ZNK6String7indexOfERKS_
 .text._ZNK6String11lastIndexOfERKS_j
                0x00003408       0x9c C:\Users\Omar Valdivia\Documents\Arduino\ProyectoIOT\ProyectoIOT\ArduinoCore\Debug\libArduinoCore.a(WString.o)
                0x00003408                _ZNK6String11lastIndexOfERKS_j
 .text._ZN6String7replaceERKS_S1_
                0x000034a4      0x1f0 C:\Users\Omar Valdivia\Documents\Arduino\ProyectoIOT\ProyectoIOT\ArduinoCore\Debug\libArduinoCore.a(WString.o)
                0x000034a4                _ZN6String7replaceERKS_S1_
 .text._ZN6String4trimEv
                0x00003694       0xb8 C:\Users\Omar Valdivia\Documents\Arduino\ProyectoIOT\ProyectoIOT\ArduinoCore\Debug\libArduinoCore.a(WString.o)
                0x00003694                _ZN6String4trimEv
 .text._ZNK6String5toIntEv
                0x0000374c       0x16 C:\Users\Omar Valdivia\Documents\Arduino\ProyectoIOT\ProyectoIOT\ArduinoCore\Debug\libArduinoCore.a(WString.o)
                0x0000374c                _ZNK6String5toIntEv
 .text._ZN12PubSubClient5writeEh
                0x00003762       0x2e C:\Users\Omar Valdivia\Documents\Arduino\ProyectoIOT\ProyectoIOT\ArduinoCore\Debug\libArduinoCore.a(PubSubClient.o)
                0x00003762                _ZN12PubSubClient5writeEh
 .text._ZN12PubSubClient5writeEPKhj
                0x00003790       0x3e C:\Users\Omar Valdivia\Documents\Arduino\ProyectoIOT\ProyectoIOT\ArduinoCore\Debug\libArduinoCore.a(PubSubClient.o)
                0x00003790                _ZN12PubSubClient5writeEPKhj
 .text._ZN12PubSubClient8readByteEPh
                0x000037ce       0x96 C:\Users\Omar Valdivia\Documents\Arduino\ProyectoIOT\ProyectoIOT\ArduinoCore\Debug\libArduinoCore.a(PubSubClient.o)
                0x000037ce                _ZN12PubSubClient8readByteEPh
 .text._ZN12PubSubClient8readByteEPhPj
                0x00003864       0x2c C:\Users\Omar Valdivia\Documents\Arduino\ProyectoIOT\ProyectoIOT\ArduinoCore\Debug\libArduinoCore.a(PubSubClient.o)
                0x00003864                _ZN12PubSubClient8readByteEPhPj
 .text._ZN12PubSubClient10readPacketEPh
                0x00003890      0x2c0 C:\Users\Omar Valdivia\Documents\Arduino\ProyectoIOT\ProyectoIOT\ArduinoCore\Debug\libArduinoCore.a(PubSubClient.o)
                0x00003890                _ZN12PubSubClient10readPacketEPh
 .text._ZN12PubSubClient11buildHeaderEhPhj
                0x00003b50       0x70 C:\Users\Omar Valdivia\Documents\Arduino\ProyectoIOT\ProyectoIOT\ArduinoCore\Debug\libArduinoCore.a(PubSubClient.o)
                0x00003b50                _ZN12PubSubClient11buildHeaderEhPhj
 .text._ZN12PubSubClient5writeEhPhj
                0x00003bc0       0x68 C:\Users\Omar Valdivia\Documents\Arduino\ProyectoIOT\ProyectoIOT\ArduinoCore\Debug\libArduinoCore.a(PubSubClient.o)
                0x00003bc0                _ZN12PubSubClient5writeEhPhj
 .text._ZN12PubSubClient11writeStringEPKcPhj
                0x00003c28       0x3e C:\Users\Omar Valdivia\Documents\Arduino\ProyectoIOT\ProyectoIOT\ArduinoCore\Debug\libArduinoCore.a(PubSubClient.o)
                0x00003c28                _ZN12PubSubClient11writeStringEPKcPhj
 .text._ZN12PubSubClient9connectedEv
                0x00003c66       0x68 C:\Users\Omar Valdivia\Documents\Arduino\ProyectoIOT\ProyectoIOT\ArduinoCore\Debug\libArduinoCore.a(PubSubClient.o)
                0x00003c66                _ZN12PubSubClient9connectedEv
 .text._ZN12PubSubClient7connectEPKcS1_S1_S1_hbS1_b
                0x00003cce      0x39a C:\Users\Omar Valdivia\Documents\Arduino\ProyectoIOT\ProyectoIOT\ArduinoCore\Debug\libArduinoCore.a(PubSubClient.o)
                0x00003cce                _ZN12PubSubClient7connectEPKcS1_S1_S1_hbS1_b
 .text._ZN12PubSubClient7connectEPKc
                0x00004068       0x38 C:\Users\Omar Valdivia\Documents\Arduino\ProyectoIOT\ProyectoIOT\ArduinoCore\Debug\libArduinoCore.a(PubSubClient.o)
                0x00004068                _ZN12PubSubClient7connectEPKc
 .text._ZN12PubSubClient4loopEv
                0x000040a0      0x312 C:\Users\Omar Valdivia\Documents\Arduino\ProyectoIOT\ProyectoIOT\ArduinoCore\Debug\libArduinoCore.a(PubSubClient.o)
                0x000040a0                _ZN12PubSubClient4loopEv
 .text._ZN12PubSubClient7publishEPKcPKhjb
                0x000043b2       0xd2 C:\Users\Omar Valdivia\Documents\Arduino\ProyectoIOT\ProyectoIOT\ArduinoCore\Debug\libArduinoCore.a(PubSubClient.o)
                0x000043b2                _ZN12PubSubClient7publishEPKcPKhjb
 .text._ZN12PubSubClient7publishEPKcS1_
                0x00004484       0x46 C:\Users\Omar Valdivia\Documents\Arduino\ProyectoIOT\ProyectoIOT\ArduinoCore\Debug\libArduinoCore.a(PubSubClient.o)
                0x00004484                _ZN12PubSubClient7publishEPKcS1_
 .text._ZN12PubSubClient9subscribeEPKch
                0x000044ca       0xa4 C:\Users\Omar Valdivia\Documents\Arduino\ProyectoIOT\ProyectoIOT\ArduinoCore\Debug\libArduinoCore.a(PubSubClient.o)
                0x000044ca                _ZN12PubSubClient9subscribeEPKch
 .text._ZN12PubSubClient9setServerEPKcj
                0x0000456e        0xc C:\Users\Omar Valdivia\Documents\Arduino\ProyectoIOT\ProyectoIOT\ArduinoCore\Debug\libArduinoCore.a(PubSubClient.o)
                0x0000456e                _ZN12PubSubClient9setServerEPKcj
 .text._ZN12PubSubClient11setCallbackEPFvPcPhjE
                0x0000457a        0x8 C:\Users\Omar Valdivia\Documents\Arduino\ProyectoIOT\ProyectoIOT\ArduinoCore\Debug\libArduinoCore.a(PubSubClient.o)
                0x0000457a                _ZN12PubSubClient11setCallbackEPFvPcPhjE
 .text._ZN12PubSubClient5stateEv
                0x00004582        0x8 C:\Users\Omar Valdivia\Documents\Arduino\ProyectoIOT\ProyectoIOT\ArduinoCore\Debug\libArduinoCore.a(PubSubClient.o)
                0x00004582                _ZN12PubSubClient5stateEv
 .text._ZN12PubSubClient13setBufferSizeEj
                0x0000458a       0x4c C:\Users\Omar Valdivia\Documents\Arduino\ProyectoIOT\ProyectoIOT\ArduinoCore\Debug\libArduinoCore.a(PubSubClient.o)
                0x0000458a                _ZN12PubSubClient13setBufferSizeEj
 .text._ZN12PubSubClientC2ER6Client
                0x000045d6       0x52 C:\Users\Omar Valdivia\Documents\Arduino\ProyectoIOT\ProyectoIOT\ArduinoCore\Debug\libArduinoCore.a(PubSubClient.o)
                0x000045d6                _ZN12PubSubClientC1ER6Client
                0x000045d6                _ZN12PubSubClientC2ER6Client
 .text._ZN12PubSubClient16setSocketTimeoutEj
                0x00004628        0x8 C:\Users\Omar Valdivia\Documents\Arduino\ProyectoIOT\ProyectoIOT\ArduinoCore\Debug\libArduinoCore.a(PubSubClient.o)
                0x00004628                _ZN12PubSubClient16setSocketTimeoutEj
 .text.startup._GLOBAL__sub_I__ZN12PubSubClientC2Ev
                0x00004630       0x16 C:\Users\Omar Valdivia\Documents\Arduino\ProyectoIOT\ProyectoIOT\ArduinoCore\Debug\libArduinoCore.a(PubSubClient.o)
 .text._ZN12WiFiEspClass4initEP6Stream
                0x00004646       0x26 C:\Users\Omar Valdivia\Documents\Arduino\ProyectoIOT\ProyectoIOT\ArduinoCore\Debug\libArduinoCore.a(WiFiEsp.o)
                0x00004646                _ZN12WiFiEspClass4initEP6Stream
 .text._ZN12WiFiEspClass5beginEPKcS1_
                0x0000466c       0x1c C:\Users\Omar Valdivia\Documents\Arduino\ProyectoIOT\ProyectoIOT\ArduinoCore\Debug\libArduinoCore.a(WiFiEsp.o)
                0x0000466c                _ZN12WiFiEspClass5beginEPKcS1_
 .text._ZN12WiFiEspClass6statusEv
                0x00004688        0x2 C:\Users\Omar Valdivia\Documents\Arduino\ProyectoIOT\ProyectoIOT\ArduinoCore\Debug\libArduinoCore.a(WiFiEsp.o)
                0x00004688                _ZN12WiFiEspClass6statusEv
 .text._ZN12WiFiEspClass13getFreeSocketEv
                0x0000468a       0x1a C:\Users\Omar Valdivia\Documents\Arduino\ProyectoIOT\ProyectoIOT\ArduinoCore\Debug\libArduinoCore.a(WiFiEsp.o)
                0x0000468a                _ZN12WiFiEspClass13getFreeSocketEv
 .text._ZN12WiFiEspClass14allocateSocketEh
                0x000046a4       0x12 C:\Users\Omar Valdivia\Documents\Arduino\ProyectoIOT\ProyectoIOT\ArduinoCore\Debug\libArduinoCore.a(WiFiEsp.o)
                0x000046a4                _ZN12WiFiEspClass14allocateSocketEh
 .text._ZN12WiFiEspClass13releaseSocketEh
                0x000046b6       0x16 C:\Users\Omar Valdivia\Documents\Arduino\ProyectoIOT\ProyectoIOT\ArduinoCore\Debug\libArduinoCore.a(WiFiEsp.o)
                0x000046b6                _ZN12WiFiEspClass13releaseSocketEh
 .text.startup._GLOBAL__sub_I__ZN12WiFiEspClass6_stateE
                0x000046cc       0x16 C:\Users\Omar Valdivia\Documents\Arduino\ProyectoIOT\ProyectoIOT\ArduinoCore\Debug\libArduinoCore.a(WiFiEsp.o)
 .text._ZN13WiFiEspClient5writeEh
                0x000046e2       0x2c C:\Users\Omar Valdivia\Documents\Arduino\ProyectoIOT\ProyectoIOT\ArduinoCore\Debug\libArduinoCore.a(WiFiEspClient.o)
                0x000046e2                _ZN13WiFiEspClient5writeEh
 .text._ZN13WiFiEspClient5flushEv
                0x0000470e       0x2e C:\Users\Omar Valdivia\Documents\Arduino\ProyectoIOT\ProyectoIOT\ArduinoCore\Debug\libArduinoCore.a(WiFiEspClient.o)
                0x0000470e                _ZN13WiFiEspClient5flushEv
 .text._ZN13WiFiEspClientcvbEv
                0x0000473c       0x10 C:\Users\Omar Valdivia\Documents\Arduino\ProyectoIOT\ProyectoIOT\ArduinoCore\Debug\libArduinoCore.a(WiFiEspClient.o)
                0x0000473c                _ZN13WiFiEspClientcvbEv
 .text._ZN13WiFiEspClient9availableEv
                0x0000474c       0x14 C:\Users\Omar Valdivia\Documents\Arduino\ProyectoIOT\ProyectoIOT\ArduinoCore\Debug\libArduinoCore.a(WiFiEspClient.o)
                0x0000474c                _ZN13WiFiEspClient9availableEv
 .text._ZN13WiFiEspClient4readEv
                0x00004760       0x66 C:\Users\Omar Valdivia\Documents\Arduino\ProyectoIOT\ProyectoIOT\ArduinoCore\Debug\libArduinoCore.a(WiFiEspClient.o)
                0x00004760                _ZN13WiFiEspClient4readEv
 .text._ZN13WiFiEspClient4peekEv
                0x000047c6       0x66 C:\Users\Omar Valdivia\Documents\Arduino\ProyectoIOT\ProyectoIOT\ArduinoCore\Debug\libArduinoCore.a(WiFiEspClient.o)
                0x000047c6                _ZN13WiFiEspClient4peekEv
 .text._ZN13WiFiEspClient4readEPhj
                0x0000482c       0x48 C:\Users\Omar Valdivia\Documents\Arduino\ProyectoIOT\ProyectoIOT\ArduinoCore\Debug\libArduinoCore.a(WiFiEspClient.o)
                0x0000482c                _ZN13WiFiEspClient4readEPhj
 .text._ZN13WiFiEspClient5writeEPKhj
                0x00004874       0x8e C:\Users\Omar Valdivia\Documents\Arduino\ProyectoIOT\ProyectoIOT\ArduinoCore\Debug\libArduinoCore.a(WiFiEspClient.o)
                0x00004874                _ZN13WiFiEspClient5writeEPKhj
 .text._ZN13WiFiEspClient4stopEv
                0x00004902       0x52 C:\Users\Omar Valdivia\Documents\Arduino\ProyectoIOT\ProyectoIOT\ArduinoCore\Debug\libArduinoCore.a(WiFiEspClient.o)
                0x00004902                _ZN13WiFiEspClient4stopEv
 .text._ZN13WiFiEspClientC2Ev
                0x00004954       0x24 C:\Users\Omar Valdivia\Documents\Arduino\ProyectoIOT\ProyectoIOT\ArduinoCore\Debug\libArduinoCore.a(WiFiEspClient.o)
                0x00004954                _ZN13WiFiEspClientC1Ev
                0x00004954                _ZN13WiFiEspClientC2Ev
 .text._ZN13WiFiEspClient7connectEPKcjh
                0x00004978       0x90 C:\Users\Omar Valdivia\Documents\Arduino\ProyectoIOT\ProyectoIOT\ArduinoCore\Debug\libArduinoCore.a(WiFiEspClient.o)
                0x00004978                _ZN13WiFiEspClient7connectEPKcjh
 .text._ZN13WiFiEspClient7connectEPKcj
                0x00004a08        0x4 C:\Users\Omar Valdivia\Documents\Arduino\ProyectoIOT\ProyectoIOT\ArduinoCore\Debug\libArduinoCore.a(WiFiEspClient.o)
                0x00004a08                _ZN13WiFiEspClient7connectEPKcj
 .text._ZN13WiFiEspClient7connectE9IPAddressj
                0x00004a0c       0x86 C:\Users\Omar Valdivia\Documents\Arduino\ProyectoIOT\ProyectoIOT\ArduinoCore\Debug\libArduinoCore.a(WiFiEspClient.o)
                0x00004a0c                _ZN13WiFiEspClient7connectE9IPAddressj
 .text._ZN13WiFiEspClient6statusEv
                0x00004a92       0x38 C:\Users\Omar Valdivia\Documents\Arduino\ProyectoIOT\ProyectoIOT\ArduinoCore\Debug\libArduinoCore.a(WiFiEspClient.o)
                0x00004a92                _ZN13WiFiEspClient6statusEv
 .text._ZN13WiFiEspClient9connectedEv
                0x00004aca        0xe C:\Users\Omar Valdivia\Documents\Arduino\ProyectoIOT\ProyectoIOT\ArduinoCore\Debug\libArduinoCore.a(WiFiEspClient.o)
                0x00004aca                _ZN13WiFiEspClient9connectedEv
 .text.startup._GLOBAL__sub_I__ZN13WiFiEspClientC2Ev
                0x00004ad8       0x16 C:\Users\Omar Valdivia\Documents\Arduino\ProyectoIOT\ProyectoIOT\ArduinoCore\Debug\libArduinoCore.a(WiFiEspClient.o)
 .text.__empty  0x00004aee        0x2 C:\Users\Omar Valdivia\Documents\Arduino\ProyectoIOT\ProyectoIOT\ArduinoCore\Debug\libArduinoCore.a(hooks.o)
                0x00004aee                yield
 .text._ZN6EspDrv9availDataEh
                0x00004af0      0x1b8 C:\Users\Omar Valdivia\Documents\Arduino\ProyectoIOT\ProyectoIOT\ArduinoCore\Debug\libArduinoCore.a(EspDrv.o)
                0x00004af0                _ZN6EspDrv9availDataEh
 .text._ZN6EspDrv9readUntilEiPKcb
                0x00004ca8      0x13e C:\Users\Omar Valdivia\Documents\Arduino\ProyectoIOT\ProyectoIOT\ArduinoCore\Debug\libArduinoCore.a(EspDrv.o)
                0x00004ca8                _ZN6EspDrv9readUntilEiPKcb
 .text._ZN6EspDrv7getDataEhPhbPb
                0x00004de6      0x1b6 C:\Users\Omar Valdivia\Documents\Arduino\ProyectoIOT\ProyectoIOT\ArduinoCore\Debug\libArduinoCore.a(EspDrv.o)
                0x00004de6                _ZN6EspDrv7getDataEhPhbPb
 .text._ZN6EspDrv8sendDataEhPKhj
                0x00004f9c       0xe4 C:\Users\Omar Valdivia\Documents\Arduino\ProyectoIOT\ProyectoIOT\ArduinoCore\Debug\libArduinoCore.a(EspDrv.o)
                0x00004f9c                _ZN6EspDrv8sendDataEhPKhj
 .text._ZN6EspDrv11espEmptyBufEb
                0x00005080       0x36 C:\Users\Omar Valdivia\Documents\Arduino\ProyectoIOT\ProyectoIOT\ArduinoCore\Debug\libArduinoCore.a(EspDrv.o)
                0x00005080                _ZN6EspDrv11espEmptyBufEb
 .text._ZN6EspDrv10sendCmdGetEPK19__FlashStringHelperPKcS4_Pci
                0x000050b6       0xc8 C:\Users\Omar Valdivia\Documents\Arduino\ProyectoIOT\ProyectoIOT\ArduinoCore\Debug\libArduinoCore.a(EspDrv.o)
                0x000050b6                _ZN6EspDrv10sendCmdGetEPK19__FlashStringHelperPKcS4_Pci
 .text._ZN6EspDrv14getClientStateEh
                0x0000517e       0x72 C:\Users\Omar Valdivia\Documents\Arduino\ProyectoIOT\ProyectoIOT\ArduinoCore\Debug\libArduinoCore.a(EspDrv.o)
                0x0000517e                _ZN6EspDrv14getClientStateEh
 .text._ZN6EspDrv10sendCmdGetEPK19__FlashStringHelperS2_S2_Pci
                0x000051f0       0xb6 C:\Users\Omar Valdivia\Documents\Arduino\ProyectoIOT\ProyectoIOT\ArduinoCore\Debug\libArduinoCore.a(EspDrv.o)
                0x000051f0                _ZN6EspDrv10sendCmdGetEPK19__FlashStringHelperS2_S2_Pci
 .text._ZN6EspDrv19getConnectionStatusEv
                0x000052a6       0x6e C:\Users\Omar Valdivia\Documents\Arduino\ProyectoIOT\ProyectoIOT\ArduinoCore\Debug\libArduinoCore.a(EspDrv.o)
                0x000052a6                _ZN6EspDrv19getConnectionStatusEv
 .text._ZN6EspDrv12getFwVersionEv
                0x00005314       0x28 C:\Users\Omar Valdivia\Documents\Arduino\ProyectoIOT\ProyectoIOT\ArduinoCore\Debug\libArduinoCore.a(EspDrv.o)
                0x00005314                _ZN6EspDrv12getFwVersionEv
 .text._ZN6EspDrv7sendCmdEPK19__FlashStringHelperi
                0x0000533c       0x30 C:\Users\Omar Valdivia\Documents\Arduino\ProyectoIOT\ProyectoIOT\ArduinoCore\Debug\libArduinoCore.a(EspDrv.o)
                0x0000533c                _ZN6EspDrv7sendCmdEPK19__FlashStringHelperi
 .text._ZN6EspDrv5resetEv
                0x0000536c       0x6e C:\Users\Omar Valdivia\Documents\Arduino\ProyectoIOT\ProyectoIOT\ArduinoCore\Debug\libArduinoCore.a(EspDrv.o)
                0x0000536c                _ZN6EspDrv5resetEv
 .text._ZN6EspDrv14wifiDriverInitEP6Stream
                0x000053da       0xda C:\Users\Omar Valdivia\Documents\Arduino\ProyectoIOT\ProyectoIOT\ArduinoCore\Debug\libArduinoCore.a(EspDrv.o)
                0x000053da                _ZN6EspDrv14wifiDriverInitEP6Stream
 .text._ZN6EspDrv7sendCmdEPK19__FlashStringHelperiz
                0x000054b4       0x70 C:\Users\Omar Valdivia\Documents\Arduino\ProyectoIOT\ProyectoIOT\ArduinoCore\Debug\libArduinoCore.a(EspDrv.o)
                0x000054b4                _ZN6EspDrv7sendCmdEPK19__FlashStringHelperiz
 .text._ZN6EspDrv11startClientEPKcjhh
                0x00005524       0xd2 C:\Users\Omar Valdivia\Documents\Arduino\ProyectoIOT\ProyectoIOT\ArduinoCore\Debug\libArduinoCore.a(EspDrv.o)
                0x00005524                _ZN6EspDrv11startClientEPKcjhh
 .text._ZN6EspDrv10stopClientEh
                0x000055f6       0x24 C:\Users\Omar Valdivia\Documents\Arduino\ProyectoIOT\ProyectoIOT\ArduinoCore\Debug\libArduinoCore.a(EspDrv.o)
                0x000055f6                _ZN6EspDrv10stopClientEh
 .text._ZN6EspDrv11wifiConnectEPKcS1_
                0x0000561a       0xb0 C:\Users\Omar Valdivia\Documents\Arduino\ProyectoIOT\ProyectoIOT\ArduinoCore\Debug\libArduinoCore.a(EspDrv.o)
                0x0000561a                _ZN6EspDrv11wifiConnectEPKcS1_
 .text._ZN6EspDrv9timedReadEv
                0x000056ca       0x52 C:\Users\Omar Valdivia\Documents\Arduino\ProyectoIOT\ProyectoIOT\ArduinoCore\Debug\libArduinoCore.a(EspDrv.o)
                0x000056ca                _ZN6EspDrv9timedReadEv
 .text._ZN6EspDrv10getDataBufEhPhj
                0x0000571c       0x9e C:\Users\Omar Valdivia\Documents\Arduino\ProyectoIOT\ProyectoIOT\ArduinoCore\Debug\libArduinoCore.a(EspDrv.o)
                0x0000571c                _ZN6EspDrv10getDataBufEhPhj
 .text.startup._GLOBAL__sub_I_ESPTAGS
                0x000057ba       0x1e C:\Users\Omar Valdivia\Documents\Arduino\ProyectoIOT\ProyectoIOT\ArduinoCore\Debug\libArduinoCore.a(EspDrv.o)
 .text.exit._GLOBAL__sub_D_ESPTAGS
                0x000057d8        0x6 C:\Users\Omar Valdivia\Documents\Arduino\ProyectoIOT\ProyectoIOT\ArduinoCore\Debug\libArduinoCore.a(EspDrv.o)
 .text._ZN10RingBufferD2Ev
                0x000057de        0x2 C:\Users\Omar Valdivia\Documents\Arduino\ProyectoIOT\ProyectoIOT\ArduinoCore\Debug\libArduinoCore.a(RingBuffer.o)
                0x000057de                _ZN10RingBufferD1Ev
                0x000057de                _ZN10RingBufferD2Ev
 .text._ZN10RingBuffer5resetEv
                0x000057e0        0xc C:\Users\Omar Valdivia\Documents\Arduino\ProyectoIOT\ProyectoIOT\ArduinoCore\Debug\libArduinoCore.a(RingBuffer.o)
                0x000057e0                _ZN10RingBuffer5resetEv
 .text._ZN10RingBuffer4initEv
                0x000057ec       0x18 C:\Users\Omar Valdivia\Documents\Arduino\ProyectoIOT\ProyectoIOT\ArduinoCore\Debug\libArduinoCore.a(RingBuffer.o)
                0x000057ec                _ZN10RingBuffer4initEv
 .text._ZN10RingBufferC2Ej
                0x00005804       0x34 C:\Users\Omar Valdivia\Documents\Arduino\ProyectoIOT\ProyectoIOT\ArduinoCore\Debug\libArduinoCore.a(RingBuffer.o)
                0x00005804                _ZN10RingBufferC2Ej
                0x00005804                _ZN10RingBufferC1Ej
 .text._ZN10RingBuffer4pushEc
                0x00005838       0x26 C:\Users\Omar Valdivia\Documents\Arduino\ProyectoIOT\ProyectoIOT\ArduinoCore\Debug\libArduinoCore.a(RingBuffer.o)
                0x00005838                _ZN10RingBuffer4pushEc
 .text._ZN10RingBuffer8endsWithEPKc
                0x0000585e       0x72 C:\Users\Omar Valdivia\Documents\Arduino\ProyectoIOT\ProyectoIOT\ArduinoCore\Debug\libArduinoCore.a(RingBuffer.o)
                0x0000585e                _ZN10RingBuffer8endsWithEPKc
 .text._ZN10RingBuffer7getStrNEPcjj
                0x000058d0       0x24 C:\Users\Omar Valdivia\Documents\Arduino\ProyectoIOT\ProyectoIOT\ArduinoCore\Debug\libArduinoCore.a(RingBuffer.o)
                0x000058d0                _ZN10RingBuffer7getStrNEPcjj
 .text._ZN6Stream9timedReadEv
                0x000058f4       0x60 C:\Users\Omar Valdivia\Documents\Arduino\ProyectoIOT\ProyectoIOT\ArduinoCore\Debug\libArduinoCore.a(Stream.o)
                0x000058f4                _ZN6Stream9timedReadEv
 .text._ZN6Stream9timedPeekEv
                0x00005954       0x60 C:\Users\Omar Valdivia\Documents\Arduino\ProyectoIOT\ProyectoIOT\ArduinoCore\Debug\libArduinoCore.a(Stream.o)
                0x00005954                _ZN6Stream9timedPeekEv
 .text._ZN6Stream13peekNextDigitE13LookaheadModeb
                0x000059b4       0x76 C:\Users\Omar Valdivia\Documents\Arduino\ProyectoIOT\ProyectoIOT\ArduinoCore\Debug\libArduinoCore.a(Stream.o)
                0x000059b4                _ZN6Stream13peekNextDigitE13LookaheadModeb
 .text._ZN6Stream8parseIntE13LookaheadModec
                0x00005a2a       0xc6 C:\Users\Omar Valdivia\Documents\Arduino\ProyectoIOT\ProyectoIOT\ArduinoCore\Debug\libArduinoCore.a(Stream.o)
                0x00005a2a                _ZN6Stream8parseIntE13LookaheadModec
 .text._ZN6Stream9findMultiEPNS_11MultiTargetEi
                0x00005af0      0x130 C:\Users\Omar Valdivia\Documents\Arduino\ProyectoIOT\ProyectoIOT\ArduinoCore\Debug\libArduinoCore.a(Stream.o)
                0x00005af0                _ZN6Stream9findMultiEPNS_11MultiTargetEi
 .text._ZN6Stream9findUntilEPcjS0_j.part.0.constprop.1
                0x00005c20       0x46 C:\Users\Omar Valdivia\Documents\Arduino\ProyectoIOT\ProyectoIOT\ArduinoCore\Debug\libArduinoCore.a(Stream.o)
 .text._ZN6Stream4findEPc
                0x00005c66       0x12 C:\Users\Omar Valdivia\Documents\Arduino\ProyectoIOT\ProyectoIOT\ArduinoCore\Debug\libArduinoCore.a(Stream.o)
                0x00005c66                _ZN6Stream4findEPc
 .text.avr-libc.fplib
                0x00005c78        0x8 c:/program files (x86)/atmel/studio/7.0/toolchain/avr8/avr8-gnu-toolchain/bin/../lib/gcc/avr/5.4.0/../../../../avr/lib/avr6\libm.a(cmpsf2.o)
                0x00005c78                __nesf2
                0x00005c78                __eqsf2
                0x00005c78                __cmpsf2
                0x00005c78                __ltsf2
                0x00005c78                __lesf2
 .text.avr-libc.fplib
                0x00005c80       0x5e c:/program files (x86)/atmel/studio/7.0/toolchain/avr8/avr8-gnu-toolchain/bin/../lib/gcc/avr/5.4.0/../../../../avr/lib/avr6\libm.a(fixunssfsi.o)
                0x00005c80                __fixunssfsi
 .text.avr-libc.fplib
                0x00005cde       0x48 c:/program files (x86)/atmel/studio/7.0/toolchain/avr8/avr8-gnu-toolchain/bin/../lib/gcc/avr/5.4.0/../../../../avr/lib/avr6\libm.a(fp_cmp.o)
                0x00005cde                __fp_cmp
 .text.avr-libc.fplib
                0x00005d26        0x8 c:/program files (x86)/atmel/studio/7.0/toolchain/avr8/avr8-gnu-toolchain/bin/../lib/gcc/avr/5.4.0/../../../../avr/lib/avr6\libm.a(gesf2.o)
                0x00005d26                __gesf2
                0x00005d26                __gtsf2
 .text.avr-libc.fplib
                0x00005d2e        0x8 c:/program files (x86)/atmel/studio/7.0/toolchain/avr8/avr8-gnu-toolchain/bin/../lib/gcc/avr/5.4.0/../../../../avr/lib/avr6\libm.a(unordsf2.o)
                0x00005d2e                __unordsf2
 .text.libgcc.div
                0x00005d36       0x44 c:/program files (x86)/atmel/studio/7.0/toolchain/avr8/avr8-gnu-toolchain/bin/../lib/gcc/avr/5.4.0/avr6\libgcc.a(_udivmodsi4.o)
                0x00005d36                __udivmodsi4
 .text.libgcc   0x00005d7a       0x10 c:/program files (x86)/atmel/studio/7.0/toolchain/avr8/avr8-gnu-toolchain/bin/../lib/gcc/avr/5.4.0/avr6\libgcc.a(_tablejump2.o)
                0x00005d7a                __tablejump2__
 .text.libgcc.mul
                0x00005d8a       0x1e c:/program files (x86)/atmel/studio/7.0/toolchain/avr8/avr8-gnu-toolchain/bin/../lib/gcc/avr/5.4.0/avr6\libgcc.a(_umulhisi3.o)
                0x00005d8a                __umulhisi3
 .text.libgcc.mul
                0x00005da8       0x14 c:/program files (x86)/atmel/studio/7.0/toolchain/avr8/avr8-gnu-toolchain/bin/../lib/gcc/avr/5.4.0/avr6\libgcc.a(_muluhisi3.o)
                0x00005da8                __muluhisi3
 .text.avr-libc
                0x00005dbc       0x3e c:/program files (x86)/atmel/studio/7.0/toolchain/avr8/avr8-gnu-toolchain/bin/../lib/gcc/avr/5.4.0/../../../../avr/lib/avr6\libc.a(dtostrf.o)
                0x00005dbc                dtostrf
 .text.avr-libc
                0x00005dfa      0x242 c:/program files (x86)/atmel/studio/7.0/toolchain/avr8/avr8-gnu-toolchain/bin/../lib/gcc/avr/5.4.0/../../../../avr/lib/avr6\libc.a(malloc.o)
                0x00005dfa                malloc
                0x00005f2a                free
 .text.avr-libc
                0x0000603c      0x1c0 c:/program files (x86)/atmel/studio/7.0/toolchain/avr8/avr8-gnu-toolchain/bin/../lib/gcc/avr/5.4.0/../../../../avr/lib/avr6\libc.a(realloc.o)
                0x0000603c                realloc
 .text.avr-libc
                0x000061fc       0x3a c:/program files (x86)/atmel/studio/7.0/toolchain/avr8/avr8-gnu-toolchain/bin/../lib/gcc/avr/5.4.0/../../../../avr/lib/avr6\libc.a(atoi.o)
                0x000061fc                atoi
 .text.avr-libc
                0x00006236       0x4c c:/program files (x86)/atmel/studio/7.0/toolchain/avr8/avr8-gnu-toolchain/bin/../lib/gcc/avr/5.4.0/../../../../avr/lib/avr6\libc.a(atol.o)
                0x00006236                atol
 .text.avr-libc
                0x00006282       0x10 c:/program files (x86)/atmel/studio/7.0/toolchain/avr8/avr8-gnu-toolchain/bin/../lib/gcc/avr/5.4.0/../../../../avr/lib/avr6\libc.a(isspace.o)
                0x00006282                isspace
 .text.avr-libc
                0x00006292       0x12 c:/program files (x86)/atmel/studio/7.0/toolchain/avr8/avr8-gnu-toolchain/bin/../lib/gcc/avr/5.4.0/../../../../avr/lib/avr6\libc.a(memcpy_P.o)
                0x00006292                memcpy_P
 .text.avr-libc
                0x000062a4        0xe c:/program files (x86)/atmel/studio/7.0/toolchain/avr8/avr8-gnu-toolchain/bin/../lib/gcc/avr/5.4.0/../../../../avr/lib/avr6\libc.a(strcpy_P.o)
                0x000062a4                strcpy_P
 .text.avr-libc
                0x000062b2       0x12 c:/program files (x86)/atmel/studio/7.0/toolchain/avr8/avr8-gnu-toolchain/bin/../lib/gcc/avr/5.4.0/../../../../avr/lib/avr6\libc.a(strlen_P.o)
                0x000062b2                __strlen_P
 .text.avr-libc
                0x000062c4       0x12 c:/program files (x86)/atmel/studio/7.0/toolchain/avr8/avr8-gnu-toolchain/bin/../lib/gcc/avr/5.4.0/../../../../avr/lib/avr6\libc.a(memcpy.o)
                0x000062c4                memcpy
 .text.avr-libc
                0x000062d6       0x22 c:/program files (x86)/atmel/studio/7.0/toolchain/avr8/avr8-gnu-toolchain/bin/../lib/gcc/avr/5.4.0/../../../../avr/lib/avr6\libc.a(memmove.o)
                0x000062d6                memmove
 .text.avr-libc
                0x000062f8        0xe c:/program files (x86)/atmel/studio/7.0/toolchain/avr8/avr8-gnu-toolchain/bin/../lib/gcc/avr/5.4.0/../../../../avr/lib/avr6\libc.a(memset.o)
                0x000062f8                memset
 .text.avr-libc
                0x00006306       0x12 c:/program files (x86)/atmel/studio/7.0/toolchain/avr8/avr8-gnu-toolchain/bin/../lib/gcc/avr/5.4.0/../../../../avr/lib/avr6\libc.a(strcmp.o)
                0x00006306                strcmp
 .text.avr-libc
                0x00006318        0xe c:/program files (x86)/atmel/studio/7.0/toolchain/avr8/avr8-gnu-toolchain/bin/../lib/gcc/avr/5.4.0/../../../../avr/lib/avr6\libc.a(strcpy.o)
                0x00006318                strcpy
 .text.avr-libc
                0x00006326       0x1e c:/program files (x86)/atmel/studio/7.0/toolchain/avr8/avr8-gnu-toolchain/bin/../lib/gcc/avr/5.4.0/../../../../avr/lib/avr6\libc.a(strncpy.o)
                0x00006326                strncpy
 .text.avr-libc
                0x00006344       0x16 c:/program files (x86)/atmel/studio/7.0/toolchain/avr8/avr8-gnu-toolchain/bin/../lib/gcc/avr/5.4.0/../../../../avr/lib/avr6\libc.a(strnlen.o)
                0x00006344                strnlen
 .text.avr-libc
                0x0000635a       0x34 c:/program files (x86)/atmel/studio/7.0/toolchain/avr8/avr8-gnu-toolchain/bin/../lib/gcc/avr/5.4.0/../../../../avr/lib/avr6\libc.a(strstr.o)
                0x0000635a                strstr
 .text.avr-libc
                0x0000638e       0x14 c:/program files (x86)/atmel/studio/7.0/toolchain/avr8/avr8-gnu-toolchain/bin/../lib/gcc/avr/5.4.0/../../../../avr/lib/avr6\libc.a(itoa.o)
                0x0000638e                __itoa
                0x0000638e                itoa
 .text.avr-libc
                0x000063a2       0x14 c:/program files (x86)/atmel/studio/7.0/toolchain/avr8/avr8-gnu-toolchain/bin/../lib/gcc/avr/5.4.0/../../../../avr/lib/avr6\libc.a(itoa_ncheck.o)
                0x000063a2                __itoa_ncheck
 .text.avr-libc
                0x000063b6       0x2a c:/program files (x86)/atmel/studio/7.0/toolchain/avr8/avr8-gnu-toolchain/bin/../lib/gcc/avr/5.4.0/../../../../avr/lib/avr6\libc.a(mulsi10.o)
                0x000063b6                __mulsi_const_10
 .text.avr-libc
                0x000063e0       0x10 c:/program files (x86)/atmel/studio/7.0/toolchain/avr8/avr8-gnu-toolchain/bin/../lib/gcc/avr/5.4.0/../../../../avr/lib/avr6\libc.a(mul10.o)
                0x000063e0                __mulhi_const_10
 .text.avr-libc
                0x000063f0       0x32 c:/program files (x86)/atmel/studio/7.0/toolchain/avr8/avr8-gnu-toolchain/bin/../lib/gcc/avr/5.4.0/../../../../avr/lib/avr6\libc.a(utoa_ncheck.o)
                0x000063f0                __utoa_ncheck
                0x000063f2                __utoa_common
 .text.avr-libc
                0x00006422       0x5c c:/program files (x86)/atmel/studio/7.0/toolchain/avr8/avr8-gnu-toolchain/bin/../lib/gcc/avr/5.4.0/../../../../avr/lib/avr6\libc.a(sprintf_p.o)
                0x00006422                sprintf_P
 .text.avr-libc
                0x0000647e       0x70 c:/program files (x86)/atmel/studio/7.0/toolchain/avr8/avr8-gnu-toolchain/bin/../lib/gcc/avr/5.4.0/../../../../avr/lib/avr6\libc.a(vsnprintf_p.o)
                0x0000647e                vsnprintf_P
 .text.avr-libc
                0x000064ee      0x3fa c:/program files (x86)/atmel/studio/7.0/toolchain/avr8/avr8-gnu-toolchain/bin/../lib/gcc/avr/5.4.0/../../../../avr/lib/avr6\libc.a(vfprintf_std.o)
                0x000064ee                vfprintf
 .text.avr-libc
                0x000068e8      0x2ec c:/program files (x86)/atmel/studio/7.0/toolchain/avr8/avr8-gnu-toolchain/bin/../lib/gcc/avr/5.4.0/../../../../avr/lib/avr6\libc.a(dtoa_prf.o)
                0x000068e8                dtoa_prf
 .text.avr-libc
                0x00006bd4      0x1b0 c:/program files (x86)/atmel/studio/7.0/toolchain/avr8/avr8-gnu-toolchain/bin/../lib/gcc/avr/5.4.0/../../../../avr/lib/avr6\libc.a(ftoa_engine.o)
                0x00006bd4                __ftoa_engine
 .text.avr-libc
                0x00006d84        0x6 c:/program files (x86)/atmel/studio/7.0/toolchain/avr8/avr8-gnu-toolchain/bin/../lib/gcc/avr/5.4.0/../../../../avr/lib/avr6\libc.a(cty_isfalse.o)
                0x00006d84                __ctype_isfalse
                0x00006d88                __ctype_istrue
 .text.avr-libc
                0x00006d8a       0x16 c:/program files (x86)/atmel/studio/7.0/toolchain/avr8/avr8-gnu-toolchain/bin/../lib/gcc/avr/5.4.0/../../../../avr/lib/avr6\libc.a(strnlen_P.o)
                0x00006d8a                strnlen_P
 .text.avr-libc
                0x00006da0       0x20 c:/program files (x86)/atmel/studio/7.0/toolchain/avr8/avr8-gnu-toolchain/bin/../lib/gcc/avr/5.4.0/../../../../avr/lib/avr6\libc.a(strrev.o)
                0x00006da0                strrev
 .text.avr-libc
                0x00006dc0       0x78 c:/program files (x86)/atmel/studio/7.0/toolchain/avr8/avr8-gnu-toolchain/bin/../lib/gcc/avr/5.4.0/../../../../avr/lib/avr6\libc.a(fputc.o)
                0x00006dc0                fputc
 .text.avr-libc
                0x00006e38       0xbc c:/program files (x86)/atmel/studio/7.0/toolchain/avr8/avr8-gnu-toolchain/bin/../lib/gcc/avr/5.4.0/../../../../avr/lib/avr6\libc.a(ultoa_invert.o)
                0x00006e38                __ultoa_invert
                0x00006ef4                . = ALIGN (0x2)
 *(.fini9)
 .fini9         0x00006ef4        0x0 c:/program files (x86)/atmel/studio/7.0/toolchain/avr8/avr8-gnu-toolchain/bin/../lib/gcc/avr/5.4.0/avr6\libgcc.a(_exit.o)
                0x00006ef4                _exit
                0x00006ef4                exit
 *(.fini9)
 *(.fini8)
 *(.fini8)
 *(.fini7)
 *(.fini7)
 *(.fini6)
 .fini6         0x00006ef4       0x20 c:/program files (x86)/atmel/studio/7.0/toolchain/avr8/avr8-gnu-toolchain/bin/../lib/gcc/avr/5.4.0/avr6\libgcc.a(_dtors.o)
                0x00006ef4                __do_global_dtors
 *(.fini6)
 *(.fini5)
 *(.fini5)
 *(.fini4)
 *(.fini4)
 *(.fini3)
 *(.fini3)
 *(.fini2)
 *(.fini2)
 *(.fini1)
 *(.fini1)
 *(.fini0)
 .fini0         0x00006f14        0x4 c:/program files (x86)/atmel/studio/7.0/toolchain/avr8/avr8-gnu-toolchain/bin/../lib/gcc/avr/5.4.0/avr6\libgcc.a(_exit.o)
 *(.fini0)
                0x00006f18                _etext = .

.data           0x00800200      0x2f8 load address 0x00006f18
                0x00800200                PROVIDE (__data_start, .)
 *(.data)
 .data          0x00800200        0x6 c:/program files (x86)/atmel/studio/7.0/toolchain/avr8/avr8-gnu-toolchain/bin/../lib/gcc/avr/5.4.0/../../../../avr/lib/avr6\libc.a(malloc.o)
                0x00800200                __malloc_heap_end
                0x00800202                __malloc_heap_start
                0x00800204                __malloc_margin
 *(.data*)
 .data._ZN4MQTT20ARDUINO_LUMINISCENSEE
                0x00800206        0x2 MQTT/MQTT.o
                0x00800206                _ZN4MQTT20ARDUINO_LUMINISCENSEE
 .data._ZN4MQTT21ARDUINO_LOCK_PASSWORDE
                0x00800208        0x2 MQTT/MQTT.o
                0x00800208                _ZN4MQTT21ARDUINO_LOCK_PASSWORDE
 .data._ZN4MQTT17ARDUINO_LOCK_DOORE
                0x0080020a        0x2 MQTT/MQTT.o
                0x0080020a                _ZN4MQTT17ARDUINO_LOCK_DOORE
 .data._ZN4MQTT24TEMPERATURE_SENSOR_TOPICE
                0x0080020c        0x2 MQTT/MQTT.o
                0x0080020c                _ZN4MQTT24TEMPERATURE_SENSOR_TOPICE
 .data._ZN4MQTT17LAMP_STATUC_TOPICE
                0x0080020e        0x2 MQTT/MQTT.o
                0x0080020e                _ZN4MQTT17LAMP_STATUC_TOPICE
 .data._ZN4MQTT23SCROLLTEXT_STATUS_TOPICE
                0x00800210        0x2 MQTT/MQTT.o
                0x00800210                _ZN4MQTT23SCROLLTEXT_STATUS_TOPICE
 .data._ZN4MQTT16PWM_STATUS_TOPICE
                0x00800212        0x2 MQTT/MQTT.o
                0x00800212                _ZN4MQTT16PWM_STATUS_TOPICE
 .data._ZN4MQTT19ARDUINO_COUNTER_SUBE
                0x00800214        0x2 MQTT/MQTT.o
                0x00800214                _ZN4MQTT19ARDUINO_COUNTER_SUBE
 .data._ZN4MQTT16ARDUINO_LAMP_SUBE
                0x00800216        0x2 MQTT/MQTT.o
                0x00800216                _ZN4MQTT16ARDUINO_LAMP_SUBE
 .data._ZN4MQTT15ARDUINO_FAN_SUBE
                0x00800218        0x2 MQTT/MQTT.o
                0x00800218                _ZN4MQTT15ARDUINO_FAN_SUBE
 .data._ZN10ScrollText9msPerTickE
                0x0080021a        0x2 ScrollText/ScrollText.o
                0x0080021a                _ZN10ScrollText9msPerTickE
 .data._ZN10ScrollText15SCROLL_TEXT_SUBE
                0x0080021c        0x2 ScrollText/ScrollText.o
                0x0080021c                _ZN10ScrollText15SCROLL_TEXT_SUBE
 .data.analog_reference
                0x0080021e        0x1 C:\Users\Omar Valdivia\Documents\Arduino\ProyectoIOT\ProyectoIOT\ArduinoCore\Debug\libArduinoCore.a(wiring_analog.o)
                0x0080021e                analog_reference
 .data._ZN12WiFiEspClass6_stateE
                0x0080021f        0x8 C:\Users\Omar Valdivia\Documents\Arduino\ProyectoIOT\ProyectoIOT\ArduinoCore\Debug\libArduinoCore.a(WiFiEsp.o)
                0x0080021f                _ZN12WiFiEspClass6_stateE
 .data.ESPTAGS  0x00800227        0xa C:\Users\Omar Valdivia\Documents\Arduino\ProyectoIOT\ProyectoIOT\ArduinoCore\Debug\libArduinoCore.a(EspDrv.o)
                0x00800227                ESPTAGS
 *(.gnu.linkonce.d*)
 *(.rodata)
 .rodata        0x00800231        0x7 C:\Users\Omar Valdivia\Documents\Arduino\ProyectoIOT\ProyectoIOT\ArduinoCore\Debug\libArduinoCore.a(PubSubClient.o)
 *(.rodata*)
 .rodata.str1.1
                0x00800238      0x206 MQTT/MQTT.o
                                0x20c (size before relaxing)
 .rodata.str1.1
                0x0080043e        0xf ScrollText/ScrollText.o
                                 0x10 (size before relaxing)
 .rodata._ZTV14HardwareSerial
                0x0080044d       0x12 C:\Users\Omar Valdivia\Documents\Arduino\ProyectoIOT\ProyectoIOT\ArduinoCore\Debug\libArduinoCore.a(HardwareSerial.o)
                0x0080044d                _ZTV14HardwareSerial
 .rodata._ZTV9IPAddress
                0x0080045f        0x6 C:\Users\Omar Valdivia\Documents\Arduino\ProyectoIOT\ProyectoIOT\ArduinoCore\Debug\libArduinoCore.a(IPAddress.o)
                0x0080045f                _ZTV9IPAddress
 .rodata.str1.1
                0x00800465        0xc C:\Users\Omar Valdivia\Documents\Arduino\ProyectoIOT\ProyectoIOT\ArduinoCore\Debug\libArduinoCore.a(Print.o)
                                  0xf (size before relaxing)
 .rodata._ZTV12PubSubClient
                0x00800471        0xc C:\Users\Omar Valdivia\Documents\Arduino\ProyectoIOT\ProyectoIOT\ArduinoCore\Debug\libArduinoCore.a(PubSubClient.o)
                0x00800471                _ZTV12PubSubClient
 .rodata.str1.1
                0x0080047d        0xb C:\Users\Omar Valdivia\Documents\Arduino\ProyectoIOT\ProyectoIOT\ArduinoCore\Debug\libArduinoCore.a(WiFiEsp.o)
                                  0xc (size before relaxing)
 .rodata.str1.1
                0x00800488        0xd C:\Users\Omar Valdivia\Documents\Arduino\ProyectoIOT\ProyectoIOT\ArduinoCore\Debug\libArduinoCore.a(WiFiEspClient.o)
 .rodata._ZTV13WiFiEspClient
                0x00800488       0x1e C:\Users\Omar Valdivia\Documents\Arduino\ProyectoIOT\ProyectoIOT\ArduinoCore\Debug\libArduinoCore.a(WiFiEspClient.o)
                0x00800488                _ZTV13WiFiEspClient
 .rodata.str1.1
                0x008004a6       0x52 C:\Users\Omar Valdivia\Documents\Arduino\ProyectoIOT\ProyectoIOT\ArduinoCore\Debug\libArduinoCore.a(EspDrv.o)
                                 0x61 (size before relaxing)
 *(.gnu.linkonce.r*)
                0x008004f8                . = ALIGN (0x2)
                0x008004f8                _edata = .
                0x008004f8                PROVIDE (__data_end, .)

.bss            0x008004f8      0x1a1
                0x008004f8                PROVIDE (__bss_start, .)
 *(.bss)
 *(.bss*)
 .bss._ZN4MQTT11DOOR_STATUSE
                0x008004f8        0x1 MQTT/MQTT.o
                0x008004f8                _ZN4MQTT11DOOR_STATUSE
 .bss._ZN4MQTT9pwm_valueE
                0x008004f9        0x2 MQTT/MQTT.o
                0x008004f9                _ZN4MQTT9pwm_valueE
 .bss._ZL11INADDR_NONE
                0x008004fb        0x6 MQTT/MQTT.o
 .bss._ZZN10ScrollText25printCharWithShiftPerTickEcE1i
                0x00800501        0x1 ScrollText/ScrollText.o
 .bss._ZZN10ScrollText25printCharWithShiftPerTickEcE14selectedStatus
                0x00800502        0x1 ScrollText/ScrollText.o
 .bss._ZZN10ScrollText27printStringWithShiftPerTickEPKcE1i
                0x00800503        0x2 ScrollText/ScrollText.o
 .bss._ZN10ScrollText7msg_auxE
                0x00800505        0x6 ScrollText/ScrollText.o
                0x00800505                _ZN10ScrollText7msg_auxE
 .bss._ZN10ScrollText9msgToShowE
                0x0080050b        0x6 ScrollText/ScrollText.o
                0x0080050b                _ZN10ScrollText9msgToShowE
 .bss._ZN10ScrollText6enableE
                0x00800511        0x1 ScrollText/ScrollText.o
                0x00800511                _ZN10ScrollText6enableE
 .bss._ZN10ScrollText8finishedE
                0x00800512        0x1 ScrollText/ScrollText.o
                0x00800512                _ZN10ScrollText8finishedE
 .bss.scrollText
                0x00800513        0x2 Sketch.o
                0x00800513                scrollText
 .bss.mqtt      0x00800515        0x2 Sketch.o
                0x00800515                mqtt
 .bss._ZL11INADDR_NONE
                0x00800517        0x6 Sketch.o
 .bss.Serial    0x0080051d       0x9d C:\Users\Omar Valdivia\Documents\Arduino\ProyectoIOT\ProyectoIOT\ArduinoCore\Debug\libArduinoCore.a(HardwareSerial0.o)
                0x0080051d                Serial
 .bss.Serial1   0x008005ba       0x9d C:\Users\Omar Valdivia\Documents\Arduino\ProyectoIOT\ProyectoIOT\ArduinoCore\Debug\libArduinoCore.a(HardwareSerial1.o)
                0x008005ba                Serial1
 .bss.timer0_fract
                0x00800657        0x1 C:\Users\Omar Valdivia\Documents\Arduino\ProyectoIOT\ProyectoIOT\ArduinoCore\Debug\libArduinoCore.a(wiring.o)
 .bss.timer0_millis
                0x00800658        0x4 C:\Users\Omar Valdivia\Documents\Arduino\ProyectoIOT\ProyectoIOT\ArduinoCore\Debug\libArduinoCore.a(wiring.o)
                0x00800658                timer0_millis
 .bss.timer0_overflow_count
                0x0080065c        0x4 C:\Users\Omar Valdivia\Documents\Arduino\ProyectoIOT\ProyectoIOT\ArduinoCore\Debug\libArduinoCore.a(wiring.o)
                0x0080065c                timer0_overflow_count
 .bss._ZL11INADDR_NONE
                0x00800660        0x6 C:\Users\Omar Valdivia\Documents\Arduino\ProyectoIOT\ProyectoIOT\ArduinoCore\Debug\libArduinoCore.a(PubSubClient.o)
 .bss.WiFi      0x00800666        0x1 C:\Users\Omar Valdivia\Documents\Arduino\ProyectoIOT\ProyectoIOT\ArduinoCore\Debug\libArduinoCore.a(WiFiEsp.o)
                0x00800666                WiFi
 .bss._ZN12WiFiEspClass7espModeE
                0x00800667        0x1 C:\Users\Omar Valdivia\Documents\Arduino\ProyectoIOT\ProyectoIOT\ArduinoCore\Debug\libArduinoCore.a(WiFiEsp.o)
                0x00800667                _ZN12WiFiEspClass7espModeE
 .bss._ZL11INADDR_NONE
                0x00800668        0x6 C:\Users\Omar Valdivia\Documents\Arduino\ProyectoIOT\ProyectoIOT\ArduinoCore\Debug\libArduinoCore.a(WiFiEsp.o)
 .bss._ZL11INADDR_NONE
                0x0080066e        0x6 C:\Users\Omar Valdivia\Documents\Arduino\ProyectoIOT\ProyectoIOT\ArduinoCore\Debug\libArduinoCore.a(WiFiEspClient.o)
 .bss._ZN6EspDrv9_remoteIpE
                0x00800674        0x4 C:\Users\Omar Valdivia\Documents\Arduino\ProyectoIOT\ProyectoIOT\ArduinoCore\Debug\libArduinoCore.a(EspDrv.o)
                0x00800674                _ZN6EspDrv9_remoteIpE
 .bss._ZN6EspDrv11_remotePortE
                0x00800678        0x2 C:\Users\Omar Valdivia\Documents\Arduino\ProyectoIOT\ProyectoIOT\ArduinoCore\Debug\libArduinoCore.a(EspDrv.o)
                0x00800678                _ZN6EspDrv11_remotePortE
 .bss._ZN6EspDrv7_connIdE
                0x0080067a        0x1 C:\Users\Omar Valdivia\Documents\Arduino\ProyectoIOT\ProyectoIOT\ArduinoCore\Debug\libArduinoCore.a(EspDrv.o)
                0x0080067a                _ZN6EspDrv7_connIdE
 .bss._ZN6EspDrv7_bufPosE
                0x0080067b        0x4 C:\Users\Omar Valdivia\Documents\Arduino\ProyectoIOT\ProyectoIOT\ArduinoCore\Debug\libArduinoCore.a(EspDrv.o)
                0x0080067b                _ZN6EspDrv7_bufPosE
 .bss._ZN6EspDrv9fwVersionE
                0x0080067f        0x6 C:\Users\Omar Valdivia\Documents\Arduino\ProyectoIOT\ProyectoIOT\ArduinoCore\Debug\libArduinoCore.a(EspDrv.o)
                0x0080067f                _ZN6EspDrv9fwVersionE
 .bss._ZN6EspDrv7ringBufE
                0x00800685        0x8 C:\Users\Omar Valdivia\Documents\Arduino\ProyectoIOT\ProyectoIOT\ArduinoCore\Debug\libArduinoCore.a(EspDrv.o)
                0x00800685                _ZN6EspDrv7ringBufE
 .bss._ZN6EspDrv9espSerialE
                0x0080068d        0x2 C:\Users\Omar Valdivia\Documents\Arduino\ProyectoIOT\ProyectoIOT\ArduinoCore\Debug\libArduinoCore.a(EspDrv.o)
                0x0080068d                _ZN6EspDrv9espSerialE
 .bss._ZL11INADDR_NONE
                0x0080068f        0x6 C:\Users\Omar Valdivia\Documents\Arduino\ProyectoIOT\ProyectoIOT\ArduinoCore\Debug\libArduinoCore.a(EspDrv.o)
 *(COMMON)
 COMMON         0x00800695        0x4 c:/program files (x86)/atmel/studio/7.0/toolchain/avr8/avr8-gnu-toolchain/bin/../lib/gcc/avr/5.4.0/../../../../avr/lib/avr6\libc.a(malloc.o)
                0x00800695                __brkval
                0x00800697                __flp
                0x00800699                PROVIDE (__bss_end, .)
                0x00006f18                __data_load_start = LOADADDR (.data)
                0x00007210                __data_load_end = (__data_load_start + SIZEOF (.data))

.noinit         0x00800699        0x0
                [!provide]                PROVIDE (__noinit_start, .)
 *(.noinit*)
                [!provide]                PROVIDE (__noinit_end, .)
                0x00800699                _end = .
                0x00800699                PROVIDE (__heap_start, .)

.eeprom         0x00810000        0x0
 *(.eeprom*)
                0x00810000                __eeprom_end = .

.fuse
 *(.fuse)
 *(.lfuse)
 *(.hfuse)
 *(.efuse)

.lock
 *(.lock*)

.signature
 *(.signature*)

.user_signatures
 *(.user_signatures*)

.stab
 *(.stab)

.stabstr
 *(.stabstr)

.stab.excl
 *(.stab.excl)

.stab.exclstr
 *(.stab.exclstr)

.stab.index
 *(.stab.index)

.stab.indexstr
 *(.stab.indexstr)

.comment        0x00000000       0x5c